MPLINK 4.30.01, Linker
Linker Map File - Created Tue May 14 21:11:32 2013

                                 Section Info
                  Section       Type    Address   Location Size(Bytes)
                ---------  ---------  ---------  ---------  ---------
               _entry_scn       code   0x000000    program   0x000006
                   .cinit    romdata   0x000006    program   0x00000e
         .code_vfprintf.o       code   0x000014    program   0x000c22
         .code_ECANPoll.o       code   0x000c36    program   0x00096e
 .code_BPS_CAN_Reciever.o       code   0x0015a4    program   0x0004f4
               _cinit_scn       code   0x001a98    program   0x00009e
           .code_printf.o       code   0x001b36    program   0x000098
            .code_uopen.o       code   0x001bce    program   0x00008a
             .stringtable    romdata   0x001c58    program   0x000087
      .idata_vfprintf.o_i    romdata   0x001cdf    program   0x000000
       .idata_fxm3232.o_i    romdata   0x001cdf    program   0x000000
         .romdata_uopen.o    romdata   0x001cdf    program   0x000000
       .romdata_fxm3232.o    romdata   0x001cdf    program   0x000000
.romdata_functions_Serial_JF.o    romdata   0x001cdf    program   0x000000
.idata_functions_Serial_JF.o_i    romdata   0x001cdf    program   0x000000
    .romdata__user_putc.o    romdata   0x001cdf    program   0x000000
    .idata__user_putc.o_i    romdata   0x001cdf    program   0x000000
          .romdata_putc.o    romdata   0x001cdf    program   0x000000
          .idata_putc.o_i    romdata   0x001cdf    program   0x000000
      .idata_ECANPoll.o_i    romdata   0x001cdf    program   0x000000
      .romdata_ECANPoll.o    romdata   0x001cdf    program   0x000000
             .code_putc.o       code   0x001ce0    program   0x000084
           .code_stdout.o       code   0x001ce0    program   0x000000
          .code_fxm3232.o       code   0x001d64    program   0x000070
                   STRING       code   0x001dd4    program   0x000066
                     PROG       code   0x001e3a    program   0x00005a
         .code_fxd3232u.o       code   0x001e94    program   0x000048
.code_functions_Serial_JF.o       code   0x001edc    program   0x000038
                    CTYPE       code   0x001f14    program   0x000024
             _startup_scn       code   0x001f38    program   0x00001c
                    STDIO       code   0x001f54    program   0x00001c
      .romdata_vfprintf.o    romdata   0x001f70    program   0x000011
      .romdata_fxd3232u.o    romdata   0x001f81    program   0x000000
      .idata_fxd3232u.o_i    romdata   0x001f81    program   0x000000
         .idata_c018i.o_i    romdata   0x001f81    program   0x000000
         .romdata_c018i.o    romdata   0x001f81    program   0x000000
.idata_BPS_CAN_Reciever.o_i    romdata   0x001f81    program   0x000000
.romdata_BPS_CAN_Reciever.o    romdata   0x001f81    program   0x000000
         .idata_uopen.o_i    romdata   0x001f81    program   0x000000
        .idata___init.o_i    romdata   0x001f81    program   0x000000
        .romdata___init.o    romdata   0x001f81    program   0x000000
        .idata_printf.o_i    romdata   0x001f81    program   0x000000
        .romdata_printf.o    romdata   0x001f81    program   0x000000
        .romdata_stdout.o    romdata   0x001f81    program   0x000000
                    .code       code   0x001f82    program   0x00000e
            .code_c018i.o       code   0x001f82    program   0x000000
       .code__user_putc.o       code   0x001f90    program   0x000002
           .code___init.o       code   0x001f92    program   0x000002
        .idata_stdout.o_i    romdata   0x001f94    program   0x000002
.config_300001_BPS_CAN_Reciever.o    romdata   0x300001    program   0x000001
.config_300002_BPS_CAN_Reciever.o    romdata   0x300002    program   0x000001
.config_300003_BPS_CAN_Reciever.o    romdata   0x300003    program   0x000001
.config_300006_BPS_CAN_Reciever.o    romdata   0x300006    program   0x000001
                MATH_DATA      udata   0x000000       data   0x000014
                 .tmpdata      udata   0x000014       data   0x000007
           .udata_c018i.o      udata   0x000060       data   0x00000a
          .idata_stdout.o      idata   0x00006a       data   0x000002
        .udata_ECANPoll.o      udata   0x00006c       data   0x000001
          .idata___init.o      idata   0x00006d       data   0x000000
          .udata___init.o      udata   0x00006d       data   0x000000
           .idata_uopen.o      idata   0x00006d       data   0x000000
           .udata_uopen.o      udata   0x00006d       data   0x000000
          .udata_printf.o      udata   0x00006d       data   0x000000
          .idata_printf.o      idata   0x00006d       data   0x000000
          .udata_stdout.o      udata   0x00006d       data   0x000000
        .udata_vfprintf.o      udata   0x00006d       data   0x000000
        .idata_vfprintf.o      idata   0x00006d       data   0x000000
        .udata_fxd3232u.o      udata   0x00006d       data   0x000000
        .idata_fxd3232u.o      idata   0x00006d       data   0x000000
         .udata_fxm3232.o      udata   0x00006d       data   0x000000
         .idata_fxm3232.o      idata   0x00006d       data   0x000000
            .udata_putc.o      udata   0x00006d       data   0x000000
            .idata_putc.o      idata   0x00006d       data   0x000000
      .udata__user_putc.o      udata   0x00006d       data   0x000000
      .idata__user_putc.o      idata   0x00006d       data   0x000000
.idata_functions_Serial_JF.o      idata   0x00006d       data   0x000000
.udata_functions_Serial_JF.o      udata   0x00006d       data   0x000000
        .idata_ECANPoll.o      idata   0x00006d       data   0x000000
.idata_BPS_CAN_Reciever.o      idata   0x00006d       data   0x000000
.udata_BPS_CAN_Reciever.o      udata   0x00006d       data   0x000000
           .idata_c018i.o      idata   0x00006d       data   0x000000
                   .stack      udata   0x000200       data   0x000100
              SFR_BANKED0      udata   0x000d60       data   0x00000c
              SFR_BANKED1      udata   0x000d70       data   0x00000c
              SFR_BANKED2      udata   0x000d80       data   0x00000c
              SFR_BANKED3      udata   0x000d90       data   0x000004
              SFR_BANKED4      udata   0x000dd4       data   0x000002
              SFR_BANKED5      udata   0x000dd8       data   0x000001
              SFR_BANKED6      udata   0x000de0       data   0x000008
              SFR_BANKED7      udata   0x000df0       data   0x000004
              SFR_BANKED8      udata   0x000df8       data   0x000001
              SFR_BANKED9      udata   0x000dfa       data   0x000001
             SFR_BANKED10      udata   0x000dfc       data   0x000001
             SFR_BANKED11      udata   0x000e20       data   0x000060
             SFR_BANKED12      udata   0x000f00       data   0x000060
            SFR_UNBANKED0      udata   0x000f60       data   0x000018
            SFR_UNBANKED1      udata   0x000f80       data   0x000080



                              Program Memory Usage 
                               Start         End      
                           ---------   ---------      
                            0x000000    0x001cde      
                            0x001ce0    0x001f80      
                            0x001f82    0x001f95      
                            0x300001    0x300003      
                            0x300006    0x300006      
            8088 out of 16664 program addresses used, program memory utilization is 48%



                              Symbols - Sorted by Name
                     Name    Address   Location    Storage File                     
                ---------  ---------  ---------  --------- ---------                
           ECANInitialize   0x000c36    program     extern C:\Documents and Settings\Solar Team\Desktop\Daniel\BPS_CAN_Reciever\ECANPoll.c
       ECANReceiveMessage   0x000f6c    program     extern C:\Documents and Settings\Solar Team\Desktop\Daniel\BPS_CAN_Reciever\ECANPoll.c
          ECANSendMessage   0x000cc2    program     extern C:\Documents and Settings\Solar Team\Desktop\Daniel\BPS_CAN_Reciever\ECANPoll.c
     ECANSetOperationMode   0x001146    program     extern C:\Documents and Settings\Solar Team\Desktop\Daniel\BPS_CAN_Reciever\ECANPoll.c
                 FXD3232U   0x001e94    program     extern C:\MCC18\src\traditional\math\fxd3232u.c
                 FXM1616S   0x001e3a    program     extern C:\MCC18\src\traditional\math\fxm1616s.asm
                  FXM3232   0x001d64    program     extern C:\MCC18\src\traditional\math\fxm3232.c
                OpenUSART   0x001bce    program     extern C:\MCC18\src\pmc_common\USART\uopen.c
               TSIGN1616A   0x001e86    program     static C:\MCC18\src\traditional\math\fxm1616s.asm
                   _2jEnd   0x001e24    program     static C:\MCC18\src\traditional\stdclib\slenpgm.asm
             _CANIDToRegs   0x001170    program     extern C:\Documents and Settings\Solar Team\Desktop\Daniel\BPS_CAN_Reciever\ECANPoll.c
         _ECANPointBuffer   0x001502    program     static C:\Documents and Settings\Solar Team\Desktop\Daniel\BPS_CAN_Reciever\ECANPoll.c
             _RegsToCANID   0x001330    program     extern C:\Documents and Settings\Solar Team\Desktop\Daniel\BPS_CAN_Reciever\ECANPoll.c
       ___return_lbl00000   0x001dd2    program     static                          
       ___return_lbl00000   0x000004    program     static                          
       ___return_lbl00000   0x001eda    program     static                          
       ___return_lbl00001   0x001f52    program     static                          
       ___return_lbl00002   0x001b34    program     static                          
               __config_0   0x300001    program     static C:\Documents and Settings\Solar Team\Desktop\Daniel\BPS_CAN_Reciever\BPS_CAN_Reciever.c
               __config_1   0x300002    program     static C:\Documents and Settings\Solar Team\Desktop\Daniel\BPS_CAN_Reciever\BPS_CAN_Reciever.c
               __config_2   0x300003    program     static C:\Documents and Settings\Solar Team\Desktop\Daniel\BPS_CAN_Reciever\BPS_CAN_Reciever.c
               __config_3   0x300006    program     static C:\Documents and Settings\Solar Team\Desktop\Daniel\BPS_CAN_Reciever\BPS_CAN_Reciever.c
                   __init   0x001f92    program     extern C:\MCC18\src\traditional\stdclib\__init.c
                   __pa_0   0x000954    program     static C:\MCC18\src\traditional\stdclib\vfprintf.c
                   __pa_1   0x00095c    program     static C:\MCC18\src\traditional\stdclib\vfprintf.c
                  __pa_10   0x000a10    program     static C:\MCC18\src\traditional\stdclib\vfprintf.c
                  __pa_11   0x000a1e    program     static C:\MCC18\src\traditional\stdclib\vfprintf.c
                  __pa_12   0x000a34    program     static C:\MCC18\src\traditional\stdclib\vfprintf.c
                  __pa_13   0x000a4e    program     static C:\MCC18\src\traditional\stdclib\vfprintf.c
                  __pa_14   0x000a66    program     static C:\MCC18\src\traditional\stdclib\vfprintf.c
                  __pa_15   0x000a76    program     static C:\MCC18\src\traditional\stdclib\vfprintf.c
                  __pa_16   0x000a8c    program     static C:\MCC18\src\traditional\stdclib\vfprintf.c
                  __pa_17   0x000a9e    program     static C:\MCC18\src\traditional\stdclib\vfprintf.c
                  __pa_18   0x000ab0    program     static C:\MCC18\src\traditional\stdclib\vfprintf.c
                  __pa_19   0x000aba    program     static C:\MCC18\src\traditional\stdclib\vfprintf.c
                   __pa_2   0x000966    program     static C:\MCC18\src\traditional\stdclib\vfprintf.c
                  __pa_20   0x000aca    program     static C:\MCC18\src\traditional\stdclib\vfprintf.c
                  __pa_21   0x000ada    program     static C:\MCC18\src\traditional\stdclib\vfprintf.c
                  __pa_22   0x000aea    program     static C:\MCC18\src\traditional\stdclib\vfprintf.c
                  __pa_23   0x000af6    program     static C:\MCC18\src\traditional\stdclib\vfprintf.c
                  __pa_24   0x000b04    program     static C:\MCC18\src\traditional\stdclib\vfprintf.c
                  __pa_25   0x000b0c    program     static C:\MCC18\src\traditional\stdclib\vfprintf.c
                  __pa_26   0x000b16    program     static C:\MCC18\src\traditional\stdclib\vfprintf.c
                  __pa_27   0x000b20    program     static C:\MCC18\src\traditional\stdclib\vfprintf.c
                  __pa_28   0x000b28    program     static C:\MCC18\src\traditional\stdclib\vfprintf.c
                  __pa_29   0x000b36    program     static C:\MCC18\src\traditional\stdclib\vfprintf.c
                   __pa_3   0x000970    program     static C:\MCC18\src\traditional\stdclib\vfprintf.c
                  __pa_30   0x000b52    program     static C:\MCC18\src\traditional\stdclib\vfprintf.c
                  __pa_31   0x000b6c    program     static C:\MCC18\src\traditional\stdclib\vfprintf.c
                  __pa_32   0x000b86    program     static C:\MCC18\src\traditional\stdclib\vfprintf.c
                  __pa_33   0x000b9e    program     static C:\MCC18\src\traditional\stdclib\vfprintf.c
                  __pa_34   0x000ba8    program     static C:\MCC18\src\traditional\stdclib\vfprintf.c
                  __pa_35   0x000bb6    program     static C:\MCC18\src\traditional\stdclib\vfprintf.c
                  __pa_36   0x000bbe    program     static C:\MCC18\src\traditional\stdclib\vfprintf.c
                  __pa_37   0x000bc8    program     static C:\MCC18\src\traditional\stdclib\vfprintf.c
                  __pa_38   0x000bd8    program     static C:\MCC18\src\traditional\stdclib\vfprintf.c
                  __pa_39   0x000be6    program     static C:\MCC18\src\traditional\stdclib\vfprintf.c
                   __pa_4   0x000988    program     static C:\MCC18\src\traditional\stdclib\vfprintf.c
                  __pa_40   0x000bf2    program     static C:\MCC18\src\traditional\stdclib\vfprintf.c
                  __pa_41   0x000bfe    program     static C:\MCC18\src\traditional\stdclib\vfprintf.c
                  __pa_42   0x000c06    program     static C:\MCC18\src\traditional\stdclib\vfprintf.c
                  __pa_43   0x000c10    program     static C:\MCC18\src\traditional\stdclib\vfprintf.c
                  __pa_44   0x000c16    program     static C:\MCC18\src\traditional\stdclib\vfprintf.c
                  __pa_45   0x000c20    program     static C:\MCC18\src\traditional\stdclib\vfprintf.c
                  __pa_46   0x000c2c    program     static C:\MCC18\src\traditional\stdclib\vfprintf.c
                   __pa_5   0x00099c    program     static C:\MCC18\src\traditional\stdclib\vfprintf.c
                   __pa_6   0x0009b8    program     static C:\MCC18\src\traditional\stdclib\vfprintf.c
                   __pa_7   0x0009c2    program     static C:\MCC18\src\traditional\stdclib\vfprintf.c
                   __pa_8   0x0009ce    program     static C:\MCC18\src\traditional\stdclib\vfprintf.c
                   __pa_9   0x0009f0    program     static C:\MCC18\src\traditional\stdclib\vfprintf.c
               __string_0   0x001cbd    program     static C:\Documents and Settings\Solar Team\Desktop\Daniel\BPS_CAN_Reciever\BPS_CAN_Reciever.c
               __string_0   0x001cca    program     static C:\Documents and Settings\Solar Team\Desktop\Daniel\BPS_CAN_Reciever\functions_Serial_JF.c
               __string_1   0x001cae    program     static C:\Documents and Settings\Solar Team\Desktop\Daniel\BPS_CAN_Reciever\BPS_CAN_Reciever.c
               __string_2   0x001ca5    program     static C:\Documents and Settings\Solar Team\Desktop\Daniel\BPS_CAN_Reciever\BPS_CAN_Reciever.c
               __string_3   0x001c9d    program     static C:\Documents and Settings\Solar Team\Desktop\Daniel\BPS_CAN_Reciever\BPS_CAN_Reciever.c
               __string_4   0x001c89    program     static C:\Documents and Settings\Solar Team\Desktop\Daniel\BPS_CAN_Reciever\BPS_CAN_Reciever.c
               __string_5   0x001c7b    program     static C:\Documents and Settings\Solar Team\Desktop\Daniel\BPS_CAN_Reciever\BPS_CAN_Reciever.c
               __string_6   0x001c6f    program     static C:\Documents and Settings\Solar Team\Desktop\Daniel\BPS_CAN_Reciever\BPS_CAN_Reciever.c
               __string_7   0x001c61    program     static C:\Documents and Settings\Solar Team\Desktop\Daniel\BPS_CAN_Reciever\BPS_CAN_Reciever.c
               __string_8   0x001c58    program     static C:\Documents and Settings\Solar Team\Desktop\Daniel\BPS_CAN_Reciever\BPS_CAN_Reciever.c
              __tmplbl_42   0x000aea    program     static                          
              __tmplbl_43   0x000932    program     static                          
              __tmplbl_44   0x000918    program     static                          
              __tmplbl_85   0x00006a    program     static                          
            __zero_memory   0x001f82    program     extern C:\MCC18\src\traditional\proc\p18F4480.asm
                _do_cinit   0x001a98    program     extern C:\MCC18\src\traditional\startup\c018i.c
                   _entry   0x000000    program     extern C:\MCC18\src\traditional\startup\c018i.c
                   _false   0x001ed6    program     static                          
                 _startup   0x001f38    program     extern C:\MCC18\src\traditional\startup\c018i.c
              _usart_putc   0x001f54    program     extern C:\MCC18\src\pmc_common\USART\_usartpc.asm
               _user_putc   0x001f90    program     extern C:\MCC18\src\traditional\stdclib\_user_putc.c
               clear_loop   0x001f88    program     static C:\MCC18\src\traditional\proc\p18F4480.asm
                copy_loop   0x001b0a    program     static                          
            copy_one_byte   0x001b10    program     static                          
                     done   0x001b34    program     static                          
             done_copying   0x001b1e    program     static                          
                  isdigit   0x001f14    program     extern C:\MCC18\src\traditional\stdclib\isdigit.asm
                     jEnd   0x001dee    program     static C:\MCC18\src\traditional\stdclib\strlen.asm
                     jEnd   0x001e26    program     static C:\MCC18\src\traditional\stdclib\slenpgm.asm
                    jLoop   0x001de4    program     static C:\MCC18\src\traditional\stdclib\strlen.asm
                    jLoop   0x001e0e    program     static C:\MCC18\src\traditional\stdclib\slenpgm.asm
                   jMatch   0x001f34    program     static C:\MCC18\src\traditional\stdclib\isdigit.asm
                 jNoMatch   0x001f36    program     static C:\MCC18\src\traditional\stdclib\isdigit.asm
                     loop   0x001f64    program     static C:\MCC18\src\pmc_common\USART\_usartpc.asm
                     loop   0x001f48    program     static                          
                     loop   0x001ea2    program     static                          
                     main   0x0015a4    program     extern C:\Documents and Settings\Solar Team\Desktop\Daniel\BPS_CAN_Reciever\BPS_CAN_Reciever.c
           memcpy_reduced   0x001a2a    program     extern C:\Documents and Settings\Solar Team\Desktop\Daniel\BPS_CAN_Reciever\BPS_CAN_Reciever.c
           openSerialPort   0x001edc    program     extern C:\Documents and Settings\Solar Team\Desktop\Daniel\BPS_CAN_Reciever\functions_Serial_JF.c
                   printf   0x001b36    program     extern C:\MCC18\src\traditional\stdclib\printf.c
                     putc   0x001ce0    program     extern C:\MCC18\src\traditional\stdclib\putc.c
                 s_digits   0x001f70    program     static C:\MCC18\src\traditional\stdclib\vfprintf.c
            s_put_n_chars   0x000014    program     static C:\MCC18\src\traditional\stdclib\vfprintf.c
                   strlen   0x001dd4    program     extern C:\MCC18\src\traditional\stdclib\strlen.asm
                strlenpgm   0x001df0    program     extern C:\MCC18\src\traditional\stdclib\slenpgm.asm
                     test   0x001ab2    program     static                          
                 vfprintf   0x000040    program     extern C:\MCC18\src\traditional\stdclib\vfprintf.c
                   ADCON0   0x000fc2       data     extern C:\MCC18\src\traditional\proc\p18F4480.asm
               ADCON0bits   0x000fc2       data     extern C:\MCC18\src\traditional\proc\p18F4480.asm
                   ADCON1   0x000fc1       data     extern C:\MCC18\src\traditional\proc\p18F4480.asm
               ADCON1bits   0x000fc1       data     extern C:\MCC18\src\traditional\proc\p18F4480.asm
                   ADCON2   0x000fc0       data     extern C:\MCC18\src\traditional\proc\p18F4480.asm
               ADCON2bits   0x000fc0       data     extern C:\MCC18\src\traditional\proc\p18F4480.asm
                    ADRES   0x000fc3       data     extern C:\MCC18\src\traditional\proc\p18F4480.asm
                   ADRESH   0x000fc4       data     extern C:\MCC18\src\traditional\proc\p18F4480.asm
                   ADRESL   0x000fc3       data     extern C:\MCC18\src\traditional\proc\p18F4480.asm
                    B0CON   0x000e20       data     extern C:\MCC18\src\traditional\proc\p18F4480.asm
                B0CONbits   0x000e20       data     extern C:\MCC18\src\traditional\proc\p18F4480.asm
                     B0D0   0x000e26       data     extern C:\MCC18\src\traditional\proc\p18F4480.asm
                 B0D0bits   0x000e26       data     extern C:\MCC18\src\traditional\proc\p18F4480.asm
                     B0D1   0x000e27       data     extern C:\MCC18\src\traditional\proc\p18F4480.asm
                 B0D1bits   0x000e27       data     extern C:\MCC18\src\traditional\proc\p18F4480.asm
                     B0D2   0x000e28       data     extern C:\MCC18\src\traditional\proc\p18F4480.asm
                 B0D2bits   0x000e28       data     extern C:\MCC18\src\traditional\proc\p18F4480.asm
                     B0D3   0x000e29       data     extern C:\MCC18\src\traditional\proc\p18F4480.asm
                 B0D3bits   0x000e29       data     extern C:\MCC18\src\traditional\proc\p18F4480.asm
                     B0D4   0x000e2a       data     extern C:\MCC18\src\traditional\proc\p18F4480.asm
                 B0D4bits   0x000e2a       data     extern C:\MCC18\src\traditional\proc\p18F4480.asm
                     B0D5   0x000e2b       data     extern C:\MCC18\src\traditional\proc\p18F4480.asm
                 B0D5bits   0x000e2b       data     extern C:\MCC18\src\traditional\proc\p18F4480.asm
                     B0D6   0x000e2c       data     extern C:\MCC18\src\traditional\proc\p18F4480.asm
                 B0D6bits   0x000e2c       data     extern C:\MCC18\src\traditional\proc\p18F4480.asm
                     B0D7   0x000e2d       data     extern C:\MCC18\src\traditional\proc\p18F4480.asm
                 B0D7bits   0x000e2d       data     extern C:\MCC18\src\traditional\proc\p18F4480.asm
                    B0DLC   0x000e25       data     extern C:\MCC18\src\traditional\proc\p18F4480.asm
                B0DLCbits   0x000e25       data     extern C:\MCC18\src\traditional\proc\p18F4480.asm
                   B0EIDH   0x000e23       data     extern C:\MCC18\src\traditional\proc\p18F4480.asm
               B0EIDHbits   0x000e23       data     extern C:\MCC18\src\traditional\proc\p18F4480.asm
                   B0EIDL   0x000e24       data     extern C:\MCC18\src\traditional\proc\p18F4480.asm
               B0EIDLbits   0x000e24       data     extern C:\MCC18\src\traditional\proc\p18F4480.asm
                   B0SIDH   0x000e21       data     extern C:\MCC18\src\traditional\proc\p18F4480.asm
               B0SIDHbits   0x000e21       data     extern C:\MCC18\src\traditional\proc\p18F4480.asm
                   B0SIDL   0x000e22       data     extern C:\MCC18\src\traditional\proc\p18F4480.asm
               B0SIDLbits   0x000e22       data     extern C:\MCC18\src\traditional\proc\p18F4480.asm
                    B1CON   0x000e30       data     extern C:\MCC18\src\traditional\proc\p18F4480.asm
                B1CONbits   0x000e30       data     extern C:\MCC18\src\traditional\proc\p18F4480.asm
                     B1D0   0x000e36       data     extern C:\MCC18\src\traditional\proc\p18F4480.asm
                 B1D0bits   0x000e36       data     extern C:\MCC18\src\traditional\proc\p18F4480.asm
                     B1D1   0x000e37       data     extern C:\MCC18\src\traditional\proc\p18F4480.asm
                 B1D1bits   0x000e37       data     extern C:\MCC18\src\traditional\proc\p18F4480.asm
                     B1D2   0x000e38       data     extern C:\MCC18\src\traditional\proc\p18F4480.asm
                 B1D2bits   0x000e38       data     extern C:\MCC18\src\traditional\proc\p18F4480.asm
                     B1D3   0x000e39       data     extern C:\MCC18\src\traditional\proc\p18F4480.asm
                 B1D3bits   0x000e39       data     extern C:\MCC18\src\traditional\proc\p18F4480.asm
                     B1D4   0x000e3a       data     extern C:\MCC18\src\traditional\proc\p18F4480.asm
                 B1D4bits   0x000e3a       data     extern C:\MCC18\src\traditional\proc\p18F4480.asm
                     B1D5   0x000e3b       data     extern C:\MCC18\src\traditional\proc\p18F4480.asm
                 B1D5bits   0x000e3b       data     extern C:\MCC18\src\traditional\proc\p18F4480.asm
                     B1D6   0x000e3c       data     extern C:\MCC18\src\traditional\proc\p18F4480.asm
                 B1D6bits   0x000e3c       data     extern C:\MCC18\src\traditional\proc\p18F4480.asm
                     B1D7   0x000e3d       data     extern C:\MCC18\src\traditional\proc\p18F4480.asm
                 B1D7bits   0x000e3d       data     extern C:\MCC18\src\traditional\proc\p18F4480.asm
                    B1DLC   0x000e35       data     extern C:\MCC18\src\traditional\proc\p18F4480.asm
                B1DLCbits   0x000e35       data     extern C:\MCC18\src\traditional\proc\p18F4480.asm
                   B1EIDH   0x000e33       data     extern C:\MCC18\src\traditional\proc\p18F4480.asm
               B1EIDHbits   0x000e33       data     extern C:\MCC18\src\traditional\proc\p18F4480.asm
                   B1EIDL   0x000e34       data     extern C:\MCC18\src\traditional\proc\p18F4480.asm
               B1EIDLbits   0x000e34       data     extern C:\MCC18\src\traditional\proc\p18F4480.asm
                   B1SIDH   0x000e31       data     extern C:\MCC18\src\traditional\proc\p18F4480.asm
               B1SIDHbits   0x000e31       data     extern C:\MCC18\src\traditional\proc\p18F4480.asm
                   B1SIDL   0x000e32       data     extern C:\MCC18\src\traditional\proc\p18F4480.asm
               B1SIDLbits   0x000e32       data     extern C:\MCC18\src\traditional\proc\p18F4480.asm
                    B2CON   0x000e40       data     extern C:\MCC18\src\traditional\proc\p18F4480.asm
                B2CONbits   0x000e40       data     extern C:\MCC18\src\traditional\proc\p18F4480.asm
                     B2D0   0x000e46       data     extern C:\MCC18\src\traditional\proc\p18F4480.asm
                 B2D0bits   0x000e46       data     extern C:\MCC18\src\traditional\proc\p18F4480.asm
                     B2D1   0x000e47       data     extern C:\MCC18\src\traditional\proc\p18F4480.asm
                 B2D1bits   0x000e47       data     extern C:\MCC18\src\traditional\proc\p18F4480.asm
                     B2D2   0x000e48       data     extern C:\MCC18\src\traditional\proc\p18F4480.asm
                 B2D2bits   0x000e48       data     extern C:\MCC18\src\traditional\proc\p18F4480.asm
                     B2D3   0x000e49       data     extern C:\MCC18\src\traditional\proc\p18F4480.asm
                 B2D3bits   0x000e49       data     extern C:\MCC18\src\traditional\proc\p18F4480.asm
                     B2D4   0x000e4a       data     extern C:\MCC18\src\traditional\proc\p18F4480.asm
                 B2D4bits   0x000e4a       data     extern C:\MCC18\src\traditional\proc\p18F4480.asm
                     B2D5   0x000e4b       data     extern C:\MCC18\src\traditional\proc\p18F4480.asm
                 B2D5bits   0x000e4b       data     extern C:\MCC18\src\traditional\proc\p18F4480.asm
                     B2D6   0x000e4c       data     extern C:\MCC18\src\traditional\proc\p18F4480.asm
                 B2D6bits   0x000e4c       data     extern C:\MCC18\src\traditional\proc\p18F4480.asm
                     B2D7   0x000e4d       data     extern C:\MCC18\src\traditional\proc\p18F4480.asm
                 B2D7bits   0x000e4d       data     extern C:\MCC18\src\traditional\proc\p18F4480.asm
                    B2DLC   0x000e45       data     extern C:\MCC18\src\traditional\proc\p18F4480.asm
                B2DLCbits   0x000e45       data     extern C:\MCC18\src\traditional\proc\p18F4480.asm
                   B2EIDH   0x000e43       data     extern C:\MCC18\src\traditional\proc\p18F4480.asm
               B2EIDHbits   0x000e43       data     extern C:\MCC18\src\traditional\proc\p18F4480.asm
                   B2EIDL   0x000e44       data     extern C:\MCC18\src\traditional\proc\p18F4480.asm
               B2EIDLbits   0x000e44       data     extern C:\MCC18\src\traditional\proc\p18F4480.asm
                   B2SIDH   0x000e41       data     extern C:\MCC18\src\traditional\proc\p18F4480.asm
               B2SIDHbits   0x000e41       data     extern C:\MCC18\src\traditional\proc\p18F4480.asm
                   B2SIDL   0x000e42       data     extern C:\MCC18\src\traditional\proc\p18F4480.asm
               B2SIDLbits   0x000e42       data     extern C:\MCC18\src\traditional\proc\p18F4480.asm
                    B3CON   0x000e50       data     extern C:\MCC18\src\traditional\proc\p18F4480.asm
                B3CONbits   0x000e50       data     extern C:\MCC18\src\traditional\proc\p18F4480.asm
                     B3D0   0x000e56       data     extern C:\MCC18\src\traditional\proc\p18F4480.asm
                 B3D0bits   0x000e56       data     extern C:\MCC18\src\traditional\proc\p18F4480.asm
                     B3D1   0x000e57       data     extern C:\MCC18\src\traditional\proc\p18F4480.asm
                 B3D1bits   0x000e57       data     extern C:\MCC18\src\traditional\proc\p18F4480.asm
                     B3D2   0x000e58       data     extern C:\MCC18\src\traditional\proc\p18F4480.asm
                 B3D2bits   0x000e58       data     extern C:\MCC18\src\traditional\proc\p18F4480.asm
                     B3D3   0x000e59       data     extern C:\MCC18\src\traditional\proc\p18F4480.asm
                 B3D3bits   0x000e59       data     extern C:\MCC18\src\traditional\proc\p18F4480.asm
                     B3D4   0x000e5a       data     extern C:\MCC18\src\traditional\proc\p18F4480.asm
                 B3D4bits   0x000e5a       data     extern C:\MCC18\src\traditional\proc\p18F4480.asm
                     B3D5   0x000e5b       data     extern C:\MCC18\src\traditional\proc\p18F4480.asm
                 B3D5bits   0x000e5b       data     extern C:\MCC18\src\traditional\proc\p18F4480.asm
                     B3D6   0x000e5c       data     extern C:\MCC18\src\traditional\proc\p18F4480.asm
                 B3D6bits   0x000e5c       data     extern C:\MCC18\src\traditional\proc\p18F4480.asm
                     B3D7   0x000e5d       data     extern C:\MCC18\src\traditional\proc\p18F4480.asm
                 B3D7bits   0x000e5d       data     extern C:\MCC18\src\traditional\proc\p18F4480.asm
                    B3DLC   0x000e55       data     extern C:\MCC18\src\traditional\proc\p18F4480.asm
                B3DLCbits   0x000e55       data     extern C:\MCC18\src\traditional\proc\p18F4480.asm
                   B3EIDH   0x000e53       data     extern C:\MCC18\src\traditional\proc\p18F4480.asm
               B3EIDHbits   0x000e53       data     extern C:\MCC18\src\traditional\proc\p18F4480.asm
                   B3EIDL   0x000e54       data     extern C:\MCC18\src\traditional\proc\p18F4480.asm
               B3EIDLbits   0x000e54       data     extern C:\MCC18\src\traditional\proc\p18F4480.asm
                   B3SIDH   0x000e51       data     extern C:\MCC18\src\traditional\proc\p18F4480.asm
               B3SIDHbits   0x000e51       data     extern C:\MCC18\src\traditional\proc\p18F4480.asm
                   B3SIDL   0x000e52       data     extern C:\MCC18\src\traditional\proc\p18F4480.asm
               B3SIDLbits   0x000e52       data     extern C:\MCC18\src\traditional\proc\p18F4480.asm
                    B4CON   0x000e60       data     extern C:\MCC18\src\traditional\proc\p18F4480.asm
                B4CONbits   0x000e60       data     extern C:\MCC18\src\traditional\proc\p18F4480.asm
                     B4D0   0x000e66       data     extern C:\MCC18\src\traditional\proc\p18F4480.asm
                 B4D0bits   0x000e66       data     extern C:\MCC18\src\traditional\proc\p18F4480.asm
                     B4D1   0x000e67       data     extern C:\MCC18\src\traditional\proc\p18F4480.asm
                 B4D1bits   0x000e67       data     extern C:\MCC18\src\traditional\proc\p18F4480.asm
                     B4D2   0x000e68       data     extern C:\MCC18\src\traditional\proc\p18F4480.asm
                 B4D2bits   0x000e68       data     extern C:\MCC18\src\traditional\proc\p18F4480.asm
                     B4D3   0x000e69       data     extern C:\MCC18\src\traditional\proc\p18F4480.asm
                 B4D3bits   0x000e69       data     extern C:\MCC18\src\traditional\proc\p18F4480.asm
                     B4D4   0x000e6a       data     extern C:\MCC18\src\traditional\proc\p18F4480.asm
                 B4D4bits   0x000e6a       data     extern C:\MCC18\src\traditional\proc\p18F4480.asm
                     B4D5   0x000e6b       data     extern C:\MCC18\src\traditional\proc\p18F4480.asm
                 B4D5bits   0x000e6b       data     extern C:\MCC18\src\traditional\proc\p18F4480.asm
                     B4D6   0x000e6c       data     extern C:\MCC18\src\traditional\proc\p18F4480.asm
                 B4D6bits   0x000e6c       data     extern C:\MCC18\src\traditional\proc\p18F4480.asm
                     B4D7   0x000e6d       data     extern C:\MCC18\src\traditional\proc\p18F4480.asm
                 B4D7bits   0x000e6d       data     extern C:\MCC18\src\traditional\proc\p18F4480.asm
                    B4DLC   0x000e65       data     extern C:\MCC18\src\traditional\proc\p18F4480.asm
                B4DLCbits   0x000e65       data     extern C:\MCC18\src\traditional\proc\p18F4480.asm
                   B4EIDH   0x000e63       data     extern C:\MCC18\src\traditional\proc\p18F4480.asm
               B4EIDHbits   0x000e63       data     extern C:\MCC18\src\traditional\proc\p18F4480.asm
                   B4EIDL   0x000e64       data     extern C:\MCC18\src\traditional\proc\p18F4480.asm
               B4EIDLbits   0x000e64       data     extern C:\MCC18\src\traditional\proc\p18F4480.asm
                   B4SIDH   0x000e61       data     extern C:\MCC18\src\traditional\proc\p18F4480.asm
               B4SIDHbits   0x000e61       data     extern C:\MCC18\src\traditional\proc\p18F4480.asm
                   B4SIDL   0x000e62       data     extern C:\MCC18\src\traditional\proc\p18F4480.asm
               B4SIDLbits   0x000e62       data     extern C:\MCC18\src\traditional\proc\p18F4480.asm
                    B5CON   0x000e70       data     extern C:\MCC18\src\traditional\proc\p18F4480.asm
                B5CONbits   0x000e70       data     extern C:\MCC18\src\traditional\proc\p18F4480.asm
                     B5D0   0x000e76       data     extern C:\MCC18\src\traditional\proc\p18F4480.asm
                 B5D0bits   0x000e76       data     extern C:\MCC18\src\traditional\proc\p18F4480.asm
                     B5D1   0x000e77       data     extern C:\MCC18\src\traditional\proc\p18F4480.asm
                 B5D1bits   0x000e77       data     extern C:\MCC18\src\traditional\proc\p18F4480.asm
                     B5D2   0x000e78       data     extern C:\MCC18\src\traditional\proc\p18F4480.asm
                 B5D2bits   0x000e78       data     extern C:\MCC18\src\traditional\proc\p18F4480.asm
                     B5D3   0x000e79       data     extern C:\MCC18\src\traditional\proc\p18F4480.asm
                 B5D3bits   0x000e79       data     extern C:\MCC18\src\traditional\proc\p18F4480.asm
                     B5D4   0x000e7a       data     extern C:\MCC18\src\traditional\proc\p18F4480.asm
                 B5D4bits   0x000e7a       data     extern C:\MCC18\src\traditional\proc\p18F4480.asm
                     B5D5   0x000e7b       data     extern C:\MCC18\src\traditional\proc\p18F4480.asm
                 B5D5bits   0x000e7b       data     extern C:\MCC18\src\traditional\proc\p18F4480.asm
                     B5D6   0x000e7c       data     extern C:\MCC18\src\traditional\proc\p18F4480.asm
                 B5D6bits   0x000e7c       data     extern C:\MCC18\src\traditional\proc\p18F4480.asm
                     B5D7   0x000e7d       data     extern C:\MCC18\src\traditional\proc\p18F4480.asm
                 B5D7bits   0x000e7d       data     extern C:\MCC18\src\traditional\proc\p18F4480.asm
                    B5DLC   0x000e75       data     extern C:\MCC18\src\traditional\proc\p18F4480.asm
                B5DLCbits   0x000e75       data     extern C:\MCC18\src\traditional\proc\p18F4480.asm
                   B5EIDH   0x000e73       data     extern C:\MCC18\src\traditional\proc\p18F4480.asm
               B5EIDHbits   0x000e73       data     extern C:\MCC18\src\traditional\proc\p18F4480.asm
                   B5EIDL   0x000e74       data     extern C:\MCC18\src\traditional\proc\p18F4480.asm
               B5EIDLbits   0x000e74       data     extern C:\MCC18\src\traditional\proc\p18F4480.asm
                   B5SIDH   0x000e71       data     extern C:\MCC18\src\traditional\proc\p18F4480.asm
               B5SIDHbits   0x000e71       data     extern C:\MCC18\src\traditional\proc\p18F4480.asm
                   B5SIDL   0x000e72       data     extern C:\MCC18\src\traditional\proc\p18F4480.asm
               B5SIDLbits   0x000e72       data     extern C:\MCC18\src\traditional\proc\p18F4480.asm
                  BAUDCON   0x000fb8       data     extern C:\MCC18\src\traditional\proc\p18F4480.asm
              BAUDCONbits   0x000fb8       data     extern C:\MCC18\src\traditional\proc\p18F4480.asm
                     BIE0   0x000dfa       data     extern C:\MCC18\src\traditional\proc\p18F4480.asm
                 BIE0bits   0x000dfa       data     extern C:\MCC18\src\traditional\proc\p18F4480.asm
                  BRGCON1   0x000f70       data     extern C:\MCC18\src\traditional\proc\p18F4480.asm
              BRGCON1bits   0x000f70       data     extern C:\MCC18\src\traditional\proc\p18F4480.asm
                  BRGCON2   0x000f71       data     extern C:\MCC18\src\traditional\proc\p18F4480.asm
              BRGCON2bits   0x000f71       data     extern C:\MCC18\src\traditional\proc\p18F4480.asm
                  BRGCON3   0x000f72       data     extern C:\MCC18\src\traditional\proc\p18F4480.asm
              BRGCON3bits   0x000f72       data     extern C:\MCC18\src\traditional\proc\p18F4480.asm
                    BSEL0   0x000df8       data     extern C:\MCC18\src\traditional\proc\p18F4480.asm
                BSEL0bits   0x000df8       data     extern C:\MCC18\src\traditional\proc\p18F4480.asm
                      BSR   0x000fe0       data     extern C:\MCC18\src\traditional\proc\p18F4480.asm
                   CANCON   0x000f6f       data     extern C:\MCC18\src\traditional\proc\p18F4480.asm
               CANCON_RO0   0x000f5f       data     extern C:\MCC18\src\traditional\proc\p18F4480.asm
           CANCON_RO0bits   0x000f5f       data     extern C:\MCC18\src\traditional\proc\p18F4480.asm
               CANCON_RO1   0x000f4f       data     extern C:\MCC18\src\traditional\proc\p18F4480.asm
           CANCON_RO1bits   0x000f4f       data     extern C:\MCC18\src\traditional\proc\p18F4480.asm
               CANCON_RO2   0x000f3f       data     extern C:\MCC18\src\traditional\proc\p18F4480.asm
           CANCON_RO2bits   0x000f3f       data     extern C:\MCC18\src\traditional\proc\p18F4480.asm
               CANCON_RO3   0x000f2f       data     extern C:\MCC18\src\traditional\proc\p18F4480.asm
           CANCON_RO3bits   0x000f2f       data     extern C:\MCC18\src\traditional\proc\p18F4480.asm
               CANCON_RO4   0x000e7f       data     extern C:\MCC18\src\traditional\proc\p18F4480.asm
           CANCON_RO4bits   0x000e7f       data     extern C:\MCC18\src\traditional\proc\p18F4480.asm
               CANCON_RO5   0x000e6f       data     extern C:\MCC18\src\traditional\proc\p18F4480.asm
           CANCON_RO5bits   0x000e6f       data     extern C:\MCC18\src\traditional\proc\p18F4480.asm
               CANCON_RO6   0x000e5f       data     extern C:\MCC18\src\traditional\proc\p18F4480.asm
           CANCON_RO6bits   0x000e5f       data     extern C:\MCC18\src\traditional\proc\p18F4480.asm
               CANCON_RO7   0x000e4f       data     extern C:\MCC18\src\traditional\proc\p18F4480.asm
           CANCON_RO7bits   0x000e4f       data     extern C:\MCC18\src\traditional\proc\p18F4480.asm
               CANCON_RO8   0x000e3f       data     extern C:\MCC18\src\traditional\proc\p18F4480.asm
           CANCON_RO8bits   0x000e3f       data     extern C:\MCC18\src\traditional\proc\p18F4480.asm
               CANCON_RO9   0x000e2f       data     extern C:\MCC18\src\traditional\proc\p18F4480.asm
           CANCON_RO9bits   0x000e2f       data     extern C:\MCC18\src\traditional\proc\p18F4480.asm
               CANCONbits   0x000f6f       data     extern C:\MCC18\src\traditional\proc\p18F4480.asm
                  CANSTAT   0x000f6e       data     extern C:\MCC18\src\traditional\proc\p18F4480.asm
              CANSTAT_RO0   0x000f5e       data     extern C:\MCC18\src\traditional\proc\p18F4480.asm
          CANSTAT_RO0bits   0x000f5e       data     extern C:\MCC18\src\traditional\proc\p18F4480.asm
              CANSTAT_RO1   0x000f4e       data     extern C:\MCC18\src\traditional\proc\p18F4480.asm
          CANSTAT_RO1bits   0x000f4e       data     extern C:\MCC18\src\traditional\proc\p18F4480.asm
              CANSTAT_RO2   0x000f3e       data     extern C:\MCC18\src\traditional\proc\p18F4480.asm
          CANSTAT_RO2bits   0x000f3e       data     extern C:\MCC18\src\traditional\proc\p18F4480.asm
              CANSTAT_RO3   0x000f2e       data     extern C:\MCC18\src\traditional\proc\p18F4480.asm
          CANSTAT_RO3bits   0x000f2e       data     extern C:\MCC18\src\traditional\proc\p18F4480.asm
              CANSTAT_RO4   0x000e7e       data     extern C:\MCC18\src\traditional\proc\p18F4480.asm
          CANSTAT_RO4bits   0x000e7e       data     extern C:\MCC18\src\traditional\proc\p18F4480.asm
              CANSTAT_RO5   0x000e6e       data     extern C:\MCC18\src\traditional\proc\p18F4480.asm
          CANSTAT_RO5bits   0x000e6e       data     extern C:\MCC18\src\traditional\proc\p18F4480.asm
              CANSTAT_RO6   0x000e5e       data     extern C:\MCC18\src\traditional\proc\p18F4480.asm
          CANSTAT_RO6bits   0x000e5e       data     extern C:\MCC18\src\traditional\proc\p18F4480.asm
              CANSTAT_RO7   0x000e4e       data     extern C:\MCC18\src\traditional\proc\p18F4480.asm
          CANSTAT_RO7bits   0x000e4e       data     extern C:\MCC18\src\traditional\proc\p18F4480.asm
              CANSTAT_RO8   0x000e3e       data     extern C:\MCC18\src\traditional\proc\p18F4480.asm
          CANSTAT_RO8bits   0x000e3e       data     extern C:\MCC18\src\traditional\proc\p18F4480.asm
              CANSTAT_RO9   0x000e2e       data     extern C:\MCC18\src\traditional\proc\p18F4480.asm
          CANSTAT_RO9bits   0x000e2e       data     extern C:\MCC18\src\traditional\proc\p18F4480.asm
              CANSTATbits   0x000f6e       data     extern C:\MCC18\src\traditional\proc\p18F4480.asm
                  CCP1CON   0x000fbd       data     extern C:\MCC18\src\traditional\proc\p18F4480.asm
              CCP1CONbits   0x000fbd       data     extern C:\MCC18\src\traditional\proc\p18F4480.asm
                    CCPR1   0x000fbe       data     extern C:\MCC18\src\traditional\proc\p18F4480.asm
                   CCPR1H   0x000fbf       data     extern C:\MCC18\src\traditional\proc\p18F4480.asm
                   CCPR1L   0x000fbe       data     extern C:\MCC18\src\traditional\proc\p18F4480.asm
                   CIOCON   0x000f73       data     extern C:\MCC18\src\traditional\proc\p18F4480.asm
               CIOCONbits   0x000f73       data     extern C:\MCC18\src\traditional\proc\p18F4480.asm
                    CMCON   0x000fb4       data     extern C:\MCC18\src\traditional\proc\p18F4480.asm
                CMCONbits   0x000fb4       data     extern C:\MCC18\src\traditional\proc\p18F4480.asm
                  COMSTAT   0x000f74       data     extern C:\MCC18\src\traditional\proc\p18F4480.asm
              COMSTATbits   0x000f74       data     extern C:\MCC18\src\traditional\proc\p18F4480.asm
                   CVRCON   0x000fb5       data     extern C:\MCC18\src\traditional\proc\p18F4480.asm
               CVRCONbits   0x000fb5       data     extern C:\MCC18\src\traditional\proc\p18F4480.asm
                     DDRA   0x000f92       data     extern C:\MCC18\src\traditional\proc\p18F4480.asm
                 DDRAbits   0x000f92       data     extern C:\MCC18\src\traditional\proc\p18F4480.asm
                     DDRB   0x000f93       data     extern C:\MCC18\src\traditional\proc\p18F4480.asm
                 DDRBbits   0x000f93       data     extern C:\MCC18\src\traditional\proc\p18F4480.asm
                     DDRC   0x000f94       data     extern C:\MCC18\src\traditional\proc\p18F4480.asm
                 DDRCbits   0x000f94       data     extern C:\MCC18\src\traditional\proc\p18F4480.asm
                     DDRD   0x000f95       data     extern C:\MCC18\src\traditional\proc\p18F4480.asm
                 DDRDbits   0x000f95       data     extern C:\MCC18\src\traditional\proc\p18F4480.asm
                     DDRE   0x000f96       data     extern C:\MCC18\src\traditional\proc\p18F4480.asm
                 DDREbits   0x000f96       data     extern C:\MCC18\src\traditional\proc\p18F4480.asm
                  ECANCON   0x000f77       data     extern C:\MCC18\src\traditional\proc\p18F4480.asm
              ECANCONbits   0x000f77       data     extern C:\MCC18\src\traditional\proc\p18F4480.asm
                  ECCP1AS   0x000fb6       data     extern C:\MCC18\src\traditional\proc\p18F4480.asm
              ECCP1ASbits   0x000fb6       data     extern C:\MCC18\src\traditional\proc\p18F4480.asm
                 ECCP1CON   0x000fba       data     extern C:\MCC18\src\traditional\proc\p18F4480.asm
             ECCP1CONbits   0x000fba       data     extern C:\MCC18\src\traditional\proc\p18F4480.asm
                 ECCP1DEL   0x000fb7       data     extern C:\MCC18\src\traditional\proc\p18F4480.asm
             ECCP1DELbits   0x000fb7       data     extern C:\MCC18\src\traditional\proc\p18F4480.asm
                   ECCPR1   0x000fbb       data     extern C:\MCC18\src\traditional\proc\p18F4480.asm
                  ECCPR1H   0x000fbc       data     extern C:\MCC18\src\traditional\proc\p18F4480.asm
                  ECCPR1L   0x000fbb       data     extern C:\MCC18\src\traditional\proc\p18F4480.asm
                    EEADR   0x000fa9       data     extern C:\MCC18\src\traditional\proc\p18F4480.asm
                   EECON1   0x000fa6       data     extern C:\MCC18\src\traditional\proc\p18F4480.asm
               EECON1bits   0x000fa6       data     extern C:\MCC18\src\traditional\proc\p18F4480.asm
                   EECON2   0x000fa7       data     extern C:\MCC18\src\traditional\proc\p18F4480.asm
                   EEDATA   0x000fa8       data     extern C:\MCC18\src\traditional\proc\p18F4480.asm
                     FSR0   0x000fe9       data     extern C:\MCC18\src\traditional\proc\p18F4480.asm
                    FSR0H   0x000fea       data     extern C:\MCC18\src\traditional\proc\p18F4480.asm
                    FSR0L   0x000fe9       data     extern C:\MCC18\src\traditional\proc\p18F4480.asm
                     FSR1   0x000fe1       data     extern C:\MCC18\src\traditional\proc\p18F4480.asm
                    FSR1H   0x000fe2       data     extern C:\MCC18\src\traditional\proc\p18F4480.asm
                    FSR1L   0x000fe1       data     extern C:\MCC18\src\traditional\proc\p18F4480.asm
                     FSR2   0x000fd9       data     extern C:\MCC18\src\traditional\proc\p18F4480.asm
                    FSR2H   0x000fda       data     extern C:\MCC18\src\traditional\proc\p18F4480.asm
                    FSR2L   0x000fd9       data     extern C:\MCC18\src\traditional\proc\p18F4480.asm
                  HLVDCON   0x000fd2       data     extern C:\MCC18\src\traditional\proc\p18F4480.asm
              HLVDCONbits   0x000fd2       data     extern C:\MCC18\src\traditional\proc\p18F4480.asm
                    INDF0   0x000fef       data     extern C:\MCC18\src\traditional\proc\p18F4480.asm
                    INDF1   0x000fe7       data     extern C:\MCC18\src\traditional\proc\p18F4480.asm
                    INDF2   0x000fdf       data     extern C:\MCC18\src\traditional\proc\p18F4480.asm
                   INTCON   0x000ff2       data     extern C:\MCC18\src\traditional\proc\p18F4480.asm
                  INTCON2   0x000ff1       data     extern C:\MCC18\src\traditional\proc\p18F4480.asm
              INTCON2bits   0x000ff1       data     extern C:\MCC18\src\traditional\proc\p18F4480.asm
                  INTCON3   0x000ff0       data     extern C:\MCC18\src\traditional\proc\p18F4480.asm
              INTCON3bits   0x000ff0       data     extern C:\MCC18\src\traditional\proc\p18F4480.asm
               INTCONbits   0x000ff2       data     extern C:\MCC18\src\traditional\proc\p18F4480.asm
                     IPR1   0x000f9f       data     extern C:\MCC18\src\traditional\proc\p18F4480.asm
                 IPR1bits   0x000f9f       data     extern C:\MCC18\src\traditional\proc\p18F4480.asm
                     IPR2   0x000fa2       data     extern C:\MCC18\src\traditional\proc\p18F4480.asm
                 IPR2bits   0x000fa2       data     extern C:\MCC18\src\traditional\proc\p18F4480.asm
                     IPR3   0x000fa5       data     extern C:\MCC18\src\traditional\proc\p18F4480.asm
                 IPR3bits   0x000fa5       data     extern C:\MCC18\src\traditional\proc\p18F4480.asm
                     LATA   0x000f89       data     extern C:\MCC18\src\traditional\proc\p18F4480.asm
                 LATAbits   0x000f89       data     extern C:\MCC18\src\traditional\proc\p18F4480.asm
                     LATB   0x000f8a       data     extern C:\MCC18\src\traditional\proc\p18F4480.asm
                 LATBbits   0x000f8a       data     extern C:\MCC18\src\traditional\proc\p18F4480.asm
                     LATC   0x000f8b       data     extern C:\MCC18\src\traditional\proc\p18F4480.asm
                 LATCbits   0x000f8b       data     extern C:\MCC18\src\traditional\proc\p18F4480.asm
                     LATD   0x000f8c       data     extern C:\MCC18\src\traditional\proc\p18F4480.asm
                 LATDbits   0x000f8c       data     extern C:\MCC18\src\traditional\proc\p18F4480.asm
                     LATE   0x000f8d       data     extern C:\MCC18\src\traditional\proc\p18F4480.asm
                 LATEbits   0x000f8d       data     extern C:\MCC18\src\traditional\proc\p18F4480.asm
                   LVDCON   0x000fd2       data     extern C:\MCC18\src\traditional\proc\p18F4480.asm
               LVDCONbits   0x000fd2       data     extern C:\MCC18\src\traditional\proc\p18F4480.asm
                    MSEL0   0x000df0       data     extern C:\MCC18\src\traditional\proc\p18F4480.asm
                MSEL0bits   0x000df0       data     extern C:\MCC18\src\traditional\proc\p18F4480.asm
                    MSEL1   0x000df1       data     extern C:\MCC18\src\traditional\proc\p18F4480.asm
                MSEL1bits   0x000df1       data     extern C:\MCC18\src\traditional\proc\p18F4480.asm
                    MSEL2   0x000df2       data     extern C:\MCC18\src\traditional\proc\p18F4480.asm
                MSEL2bits   0x000df2       data     extern C:\MCC18\src\traditional\proc\p18F4480.asm
                    MSEL3   0x000df3       data     extern C:\MCC18\src\traditional\proc\p18F4480.asm
                MSEL3bits   0x000df3       data     extern C:\MCC18\src\traditional\proc\p18F4480.asm
                   OSCCON   0x000fd3       data     extern C:\MCC18\src\traditional\proc\p18F4480.asm
               OSCCONbits   0x000fd3       data     extern C:\MCC18\src\traditional\proc\p18F4480.asm
                  OSCTUNE   0x000f9b       data     extern C:\MCC18\src\traditional\proc\p18F4480.asm
              OSCTUNEbits   0x000f9b       data     extern C:\MCC18\src\traditional\proc\p18F4480.asm
                       PC   0x000ff9       data     extern C:\MCC18\src\traditional\proc\p18F4480.asm
                      PCL   0x000ff9       data     extern C:\MCC18\src\traditional\proc\p18F4480.asm
                   PCLATH   0x000ffa       data     extern C:\MCC18\src\traditional\proc\p18F4480.asm
                   PCLATU   0x000ffb       data     extern C:\MCC18\src\traditional\proc\p18F4480.asm
                     PIE1   0x000f9d       data     extern C:\MCC18\src\traditional\proc\p18F4480.asm
                 PIE1bits   0x000f9d       data     extern C:\MCC18\src\traditional\proc\p18F4480.asm
                     PIE2   0x000fa0       data     extern C:\MCC18\src\traditional\proc\p18F4480.asm
                 PIE2bits   0x000fa0       data     extern C:\MCC18\src\traditional\proc\p18F4480.asm
                     PIE3   0x000fa3       data     extern C:\MCC18\src\traditional\proc\p18F4480.asm
                 PIE3bits   0x000fa3       data     extern C:\MCC18\src\traditional\proc\p18F4480.asm
                     PIR1   0x000f9e       data     extern C:\MCC18\src\traditional\proc\p18F4480.asm
                 PIR1bits   0x000f9e       data     extern C:\MCC18\src\traditional\proc\p18F4480.asm
                     PIR2   0x000fa1       data     extern C:\MCC18\src\traditional\proc\p18F4480.asm
                 PIR2bits   0x000fa1       data     extern C:\MCC18\src\traditional\proc\p18F4480.asm
                     PIR3   0x000fa4       data     extern C:\MCC18\src\traditional\proc\p18F4480.asm
                 PIR3bits   0x000fa4       data     extern C:\MCC18\src\traditional\proc\p18F4480.asm
                   PLUSW0   0x000feb       data     extern C:\MCC18\src\traditional\proc\p18F4480.asm
                   PLUSW1   0x000fe3       data     extern C:\MCC18\src\traditional\proc\p18F4480.asm
                   PLUSW2   0x000fdb       data     extern C:\MCC18\src\traditional\proc\p18F4480.asm
                    PORTA   0x000f80       data     extern C:\MCC18\src\traditional\proc\p18F4480.asm
                PORTAbits   0x000f80       data     extern C:\MCC18\src\traditional\proc\p18F4480.asm
                    PORTB   0x000f81       data     extern C:\MCC18\src\traditional\proc\p18F4480.asm
                PORTBbits   0x000f81       data     extern C:\MCC18\src\traditional\proc\p18F4480.asm
                    PORTC   0x000f82       data     extern C:\MCC18\src\traditional\proc\p18F4480.asm
                PORTCbits   0x000f82       data     extern C:\MCC18\src\traditional\proc\p18F4480.asm
                    PORTD   0x000f83       data     extern C:\MCC18\src\traditional\proc\p18F4480.asm
                PORTDbits   0x000f83       data     extern C:\MCC18\src\traditional\proc\p18F4480.asm
                    PORTE   0x000f84       data     extern C:\MCC18\src\traditional\proc\p18F4480.asm
                PORTEbits   0x000f84       data     extern C:\MCC18\src\traditional\proc\p18F4480.asm
                 POSTDEC0   0x000fed       data     extern C:\MCC18\src\traditional\proc\p18F4480.asm
                 POSTDEC1   0x000fe5       data     extern C:\MCC18\src\traditional\proc\p18F4480.asm
                 POSTDEC2   0x000fdd       data     extern C:\MCC18\src\traditional\proc\p18F4480.asm
                 POSTINC0   0x000fee       data     extern C:\MCC18\src\traditional\proc\p18F4480.asm
                 POSTINC1   0x000fe6       data     extern C:\MCC18\src\traditional\proc\p18F4480.asm
                 POSTINC2   0x000fde       data     extern C:\MCC18\src\traditional\proc\p18F4480.asm
                      PR2   0x000fcb       data     extern C:\MCC18\src\traditional\proc\p18F4480.asm
                  PREINC0   0x000fec       data     extern C:\MCC18\src\traditional\proc\p18F4480.asm
                  PREINC1   0x000fe4       data     extern C:\MCC18\src\traditional\proc\p18F4480.asm
                  PREINC2   0x000fdc       data     extern C:\MCC18\src\traditional\proc\p18F4480.asm
                     PROD   0x000ff3       data     extern C:\MCC18\src\traditional\proc\p18F4480.asm
                    PRODH   0x000ff4       data     extern C:\MCC18\src\traditional\proc\p18F4480.asm
                    PRODL   0x000ff3       data     extern C:\MCC18\src\traditional\proc\p18F4480.asm
                     RCON   0x000fd0       data     extern C:\MCC18\src\traditional\proc\p18F4480.asm
                 RCONbits   0x000fd0       data     extern C:\MCC18\src\traditional\proc\p18F4480.asm
                    RCREG   0x000fae       data     extern C:\MCC18\src\traditional\proc\p18F4480.asm
                    RCSTA   0x000fab       data     extern C:\MCC18\src\traditional\proc\p18F4480.asm
                RCSTAbits   0x000fab       data     extern C:\MCC18\src\traditional\proc\p18F4480.asm
                  RXB0CON   0x000f60       data     extern C:\MCC18\src\traditional\proc\p18F4480.asm
              RXB0CONbits   0x000f60       data     extern C:\MCC18\src\traditional\proc\p18F4480.asm
                   RXB0D0   0x000f66       data     extern C:\MCC18\src\traditional\proc\p18F4480.asm
               RXB0D0bits   0x000f66       data     extern C:\MCC18\src\traditional\proc\p18F4480.asm
                   RXB0D1   0x000f67       data     extern C:\MCC18\src\traditional\proc\p18F4480.asm
               RXB0D1bits   0x000f67       data     extern C:\MCC18\src\traditional\proc\p18F4480.asm
                   RXB0D2   0x000f68       data     extern C:\MCC18\src\traditional\proc\p18F4480.asm
               RXB0D2bits   0x000f68       data     extern C:\MCC18\src\traditional\proc\p18F4480.asm
                   RXB0D3   0x000f69       data     extern C:\MCC18\src\traditional\proc\p18F4480.asm
               RXB0D3bits   0x000f69       data     extern C:\MCC18\src\traditional\proc\p18F4480.asm
                   RXB0D4   0x000f6a       data     extern C:\MCC18\src\traditional\proc\p18F4480.asm
               RXB0D4bits   0x000f6a       data     extern C:\MCC18\src\traditional\proc\p18F4480.asm
                   RXB0D5   0x000f6b       data     extern C:\MCC18\src\traditional\proc\p18F4480.asm
               RXB0D5bits   0x000f6b       data     extern C:\MCC18\src\traditional\proc\p18F4480.asm
                   RXB0D6   0x000f6c       data     extern C:\MCC18\src\traditional\proc\p18F4480.asm
               RXB0D6bits   0x000f6c       data     extern C:\MCC18\src\traditional\proc\p18F4480.asm
                   RXB0D7   0x000f6d       data     extern C:\MCC18\src\traditional\proc\p18F4480.asm
               RXB0D7bits   0x000f6d       data     extern C:\MCC18\src\traditional\proc\p18F4480.asm
                  RXB0DLC   0x000f65       data     extern C:\MCC18\src\traditional\proc\p18F4480.asm
              RXB0DLCbits   0x000f65       data     extern C:\MCC18\src\traditional\proc\p18F4480.asm
                 RXB0EIDH   0x000f63       data     extern C:\MCC18\src\traditional\proc\p18F4480.asm
             RXB0EIDHbits   0x000f63       data     extern C:\MCC18\src\traditional\proc\p18F4480.asm
                 RXB0EIDL   0x000f64       data     extern C:\MCC18\src\traditional\proc\p18F4480.asm
             RXB0EIDLbits   0x000f64       data     extern C:\MCC18\src\traditional\proc\p18F4480.asm
                 RXB0SIDH   0x000f61       data     extern C:\MCC18\src\traditional\proc\p18F4480.asm
             RXB0SIDHbits   0x000f61       data     extern C:\MCC18\src\traditional\proc\p18F4480.asm
                 RXB0SIDL   0x000f62       data     extern C:\MCC18\src\traditional\proc\p18F4480.asm
             RXB0SIDLbits   0x000f62       data     extern C:\MCC18\src\traditional\proc\p18F4480.asm
                  RXB1CON   0x000f50       data     extern C:\MCC18\src\traditional\proc\p18F4480.asm
              RXB1CONbits   0x000f50       data     extern C:\MCC18\src\traditional\proc\p18F4480.asm
                   RXB1D0   0x000f56       data     extern C:\MCC18\src\traditional\proc\p18F4480.asm
               RXB1D0bits   0x000f56       data     extern C:\MCC18\src\traditional\proc\p18F4480.asm
                   RXB1D1   0x000f57       data     extern C:\MCC18\src\traditional\proc\p18F4480.asm
               RXB1D1bits   0x000f57       data     extern C:\MCC18\src\traditional\proc\p18F4480.asm
                   RXB1D2   0x000f58       data     extern C:\MCC18\src\traditional\proc\p18F4480.asm
               RXB1D2bits   0x000f58       data     extern C:\MCC18\src\traditional\proc\p18F4480.asm
                   RXB1D3   0x000f59       data     extern C:\MCC18\src\traditional\proc\p18F4480.asm
               RXB1D3bits   0x000f59       data     extern C:\MCC18\src\traditional\proc\p18F4480.asm
                   RXB1D4   0x000f5a       data     extern C:\MCC18\src\traditional\proc\p18F4480.asm
               RXB1D4bits   0x000f5a       data     extern C:\MCC18\src\traditional\proc\p18F4480.asm
                   RXB1D5   0x000f5b       data     extern C:\MCC18\src\traditional\proc\p18F4480.asm
               RXB1D5bits   0x000f5b       data     extern C:\MCC18\src\traditional\proc\p18F4480.asm
                   RXB1D6   0x000f5c       data     extern C:\MCC18\src\traditional\proc\p18F4480.asm
               RXB1D6bits   0x000f5c       data     extern C:\MCC18\src\traditional\proc\p18F4480.asm
                   RXB1D7   0x000f5d       data     extern C:\MCC18\src\traditional\proc\p18F4480.asm
               RXB1D7bits   0x000f5d       data     extern C:\MCC18\src\traditional\proc\p18F4480.asm
                  RXB1DLC   0x000f55       data     extern C:\MCC18\src\traditional\proc\p18F4480.asm
              RXB1DLCbits   0x000f55       data     extern C:\MCC18\src\traditional\proc\p18F4480.asm
                 RXB1EIDH   0x000f53       data     extern C:\MCC18\src\traditional\proc\p18F4480.asm
             RXB1EIDHbits   0x000f53       data     extern C:\MCC18\src\traditional\proc\p18F4480.asm
                 RXB1EIDL   0x000f54       data     extern C:\MCC18\src\traditional\proc\p18F4480.asm
             RXB1EIDLbits   0x000f54       data     extern C:\MCC18\src\traditional\proc\p18F4480.asm
                 RXB1SIDH   0x000f51       data     extern C:\MCC18\src\traditional\proc\p18F4480.asm
             RXB1SIDHbits   0x000f51       data     extern C:\MCC18\src\traditional\proc\p18F4480.asm
                 RXB1SIDL   0x000f52       data     extern C:\MCC18\src\traditional\proc\p18F4480.asm
             RXB1SIDLbits   0x000f52       data     extern C:\MCC18\src\traditional\proc\p18F4480.asm
                 RXERRCNT   0x000f75       data     extern C:\MCC18\src\traditional\proc\p18F4480.asm
             RXERRCNTbits   0x000f75       data     extern C:\MCC18\src\traditional\proc\p18F4480.asm
                 RXF0EIDH   0x000f02       data     extern C:\MCC18\src\traditional\proc\p18F4480.asm
             RXF0EIDHbits   0x000f02       data     extern C:\MCC18\src\traditional\proc\p18F4480.asm
                 RXF0EIDL   0x000f03       data     extern C:\MCC18\src\traditional\proc\p18F4480.asm
             RXF0EIDLbits   0x000f03       data     extern C:\MCC18\src\traditional\proc\p18F4480.asm
                 RXF0SIDH   0x000f00       data     extern C:\MCC18\src\traditional\proc\p18F4480.asm
             RXF0SIDHbits   0x000f00       data     extern C:\MCC18\src\traditional\proc\p18F4480.asm
                 RXF0SIDL   0x000f01       data     extern C:\MCC18\src\traditional\proc\p18F4480.asm
             RXF0SIDLbits   0x000f01       data     extern C:\MCC18\src\traditional\proc\p18F4480.asm
                RXF10EIDH   0x000d76       data     extern C:\MCC18\src\traditional\proc\p18F4480.asm
            RXF10EIDHbits   0x000d76       data     extern C:\MCC18\src\traditional\proc\p18F4480.asm
                RXF10EIDL   0x000d77       data     extern C:\MCC18\src\traditional\proc\p18F4480.asm
            RXF10EIDLbits   0x000d77       data     extern C:\MCC18\src\traditional\proc\p18F4480.asm
                RXF10SIDH   0x000d74       data     extern C:\MCC18\src\traditional\proc\p18F4480.asm
            RXF10SIDHbits   0x000d74       data     extern C:\MCC18\src\traditional\proc\p18F4480.asm
                RXF10SIDL   0x000d75       data     extern C:\MCC18\src\traditional\proc\p18F4480.asm
            RXF10SIDLbits   0x000d75       data     extern C:\MCC18\src\traditional\proc\p18F4480.asm
                RXF11EIDH   0x000d7a       data     extern C:\MCC18\src\traditional\proc\p18F4480.asm
            RXF11EIDHbits   0x000d7a       data     extern C:\MCC18\src\traditional\proc\p18F4480.asm
                RXF11EIDL   0x000d7b       data     extern C:\MCC18\src\traditional\proc\p18F4480.asm
            RXF11EIDLbits   0x000d7b       data     extern C:\MCC18\src\traditional\proc\p18F4480.asm
                RXF11SIDH   0x000d78       data     extern C:\MCC18\src\traditional\proc\p18F4480.asm
            RXF11SIDHbits   0x000d78       data     extern C:\MCC18\src\traditional\proc\p18F4480.asm
                RXF11SIDL   0x000d79       data     extern C:\MCC18\src\traditional\proc\p18F4480.asm
            RXF11SIDLbits   0x000d79       data     extern C:\MCC18\src\traditional\proc\p18F4480.asm
                RXF12EIDH   0x000d82       data     extern C:\MCC18\src\traditional\proc\p18F4480.asm
            RXF12EIDHbits   0x000d82       data     extern C:\MCC18\src\traditional\proc\p18F4480.asm
                RXF12EIDL   0x000d83       data     extern C:\MCC18\src\traditional\proc\p18F4480.asm
            RXF12EIDLbits   0x000d83       data     extern C:\MCC18\src\traditional\proc\p18F4480.asm
                RXF12SIDH   0x000d80       data     extern C:\MCC18\src\traditional\proc\p18F4480.asm
            RXF12SIDHbits   0x000d80       data     extern C:\MCC18\src\traditional\proc\p18F4480.asm
                RXF12SIDL   0x000d81       data     extern C:\MCC18\src\traditional\proc\p18F4480.asm
            RXF12SIDLbits   0x000d81       data     extern C:\MCC18\src\traditional\proc\p18F4480.asm
                RXF13EIDH   0x000d86       data     extern C:\MCC18\src\traditional\proc\p18F4480.asm
            RXF13EIDHbits   0x000d86       data     extern C:\MCC18\src\traditional\proc\p18F4480.asm
                RXF13EIDL   0x000d87       data     extern C:\MCC18\src\traditional\proc\p18F4480.asm
            RXF13EIDLbits   0x000d87       data     extern C:\MCC18\src\traditional\proc\p18F4480.asm
                RXF13SIDH   0x000d84       data     extern C:\MCC18\src\traditional\proc\p18F4480.asm
            RXF13SIDHbits   0x000d84       data     extern C:\MCC18\src\traditional\proc\p18F4480.asm
                RXF13SIDL   0x000d85       data     extern C:\MCC18\src\traditional\proc\p18F4480.asm
            RXF13SIDLbits   0x000d85       data     extern C:\MCC18\src\traditional\proc\p18F4480.asm
                RXF14EIDH   0x000d8a       data     extern C:\MCC18\src\traditional\proc\p18F4480.asm
            RXF14EIDHbits   0x000d8a       data     extern C:\MCC18\src\traditional\proc\p18F4480.asm
                RXF14EIDL   0x000d8b       data     extern C:\MCC18\src\traditional\proc\p18F4480.asm
            RXF14EIDLbits   0x000d8b       data     extern C:\MCC18\src\traditional\proc\p18F4480.asm
                RXF14SIDH   0x000d88       data     extern C:\MCC18\src\traditional\proc\p18F4480.asm
            RXF14SIDHbits   0x000d88       data     extern C:\MCC18\src\traditional\proc\p18F4480.asm
                RXF14SIDL   0x000d89       data     extern C:\MCC18\src\traditional\proc\p18F4480.asm
            RXF14SIDLbits   0x000d89       data     extern C:\MCC18\src\traditional\proc\p18F4480.asm
                RXF15EIDH   0x000d92       data     extern C:\MCC18\src\traditional\proc\p18F4480.asm
            RXF15EIDHbits   0x000d92       data     extern C:\MCC18\src\traditional\proc\p18F4480.asm
                RXF15EIDL   0x000d93       data     extern C:\MCC18\src\traditional\proc\p18F4480.asm
            RXF15EIDLbits   0x000d93       data     extern C:\MCC18\src\traditional\proc\p18F4480.asm
                RXF15SIDH   0x000d90       data     extern C:\MCC18\src\traditional\proc\p18F4480.asm
            RXF15SIDHbits   0x000d90       data     extern C:\MCC18\src\traditional\proc\p18F4480.asm
                RXF15SIDL   0x000d91       data     extern C:\MCC18\src\traditional\proc\p18F4480.asm
            RXF15SIDLbits   0x000d91       data     extern C:\MCC18\src\traditional\proc\p18F4480.asm
                 RXF1EIDH   0x000f06       data     extern C:\MCC18\src\traditional\proc\p18F4480.asm
             RXF1EIDHbits   0x000f06       data     extern C:\MCC18\src\traditional\proc\p18F4480.asm
                 RXF1EIDL   0x000f07       data     extern C:\MCC18\src\traditional\proc\p18F4480.asm
             RXF1EIDLbits   0x000f07       data     extern C:\MCC18\src\traditional\proc\p18F4480.asm
                 RXF1SIDH   0x000f04       data     extern C:\MCC18\src\traditional\proc\p18F4480.asm
             RXF1SIDHbits   0x000f04       data     extern C:\MCC18\src\traditional\proc\p18F4480.asm
                 RXF1SIDL   0x000f05       data     extern C:\MCC18\src\traditional\proc\p18F4480.asm
             RXF1SIDLbits   0x000f05       data     extern C:\MCC18\src\traditional\proc\p18F4480.asm
                 RXF2EIDH   0x000f0a       data     extern C:\MCC18\src\traditional\proc\p18F4480.asm
             RXF2EIDHbits   0x000f0a       data     extern C:\MCC18\src\traditional\proc\p18F4480.asm
                 RXF2EIDL   0x000f0b       data     extern C:\MCC18\src\traditional\proc\p18F4480.asm
             RXF2EIDLbits   0x000f0b       data     extern C:\MCC18\src\traditional\proc\p18F4480.asm
                 RXF2SIDH   0x000f08       data     extern C:\MCC18\src\traditional\proc\p18F4480.asm
             RXF2SIDHbits   0x000f08       data     extern C:\MCC18\src\traditional\proc\p18F4480.asm
                 RXF2SIDL   0x000f09       data     extern C:\MCC18\src\traditional\proc\p18F4480.asm
             RXF2SIDLbits   0x000f09       data     extern C:\MCC18\src\traditional\proc\p18F4480.asm
                 RXF3EIDH   0x000f0e       data     extern C:\MCC18\src\traditional\proc\p18F4480.asm
             RXF3EIDHbits   0x000f0e       data     extern C:\MCC18\src\traditional\proc\p18F4480.asm
                 RXF3EIDL   0x000f0f       data     extern C:\MCC18\src\traditional\proc\p18F4480.asm
             RXF3EIDLbits   0x000f0f       data     extern C:\MCC18\src\traditional\proc\p18F4480.asm
                 RXF3SIDH   0x000f0c       data     extern C:\MCC18\src\traditional\proc\p18F4480.asm
             RXF3SIDHbits   0x000f0c       data     extern C:\MCC18\src\traditional\proc\p18F4480.asm
                 RXF3SIDL   0x000f0d       data     extern C:\MCC18\src\traditional\proc\p18F4480.asm
             RXF3SIDLbits   0x000f0d       data     extern C:\MCC18\src\traditional\proc\p18F4480.asm
                 RXF4EIDH   0x000f12       data     extern C:\MCC18\src\traditional\proc\p18F4480.asm
             RXF4EIDHbits   0x000f12       data     extern C:\MCC18\src\traditional\proc\p18F4480.asm
                 RXF4EIDL   0x000f13       data     extern C:\MCC18\src\traditional\proc\p18F4480.asm
             RXF4EIDLbits   0x000f13       data     extern C:\MCC18\src\traditional\proc\p18F4480.asm
                 RXF4SIDH   0x000f10       data     extern C:\MCC18\src\traditional\proc\p18F4480.asm
             RXF4SIDHbits   0x000f10       data     extern C:\MCC18\src\traditional\proc\p18F4480.asm
                 RXF4SIDL   0x000f11       data     extern C:\MCC18\src\traditional\proc\p18F4480.asm
             RXF4SIDLbits   0x000f11       data     extern C:\MCC18\src\traditional\proc\p18F4480.asm
                 RXF5EIDH   0x000f16       data     extern C:\MCC18\src\traditional\proc\p18F4480.asm
             RXF5EIDHbits   0x000f16       data     extern C:\MCC18\src\traditional\proc\p18F4480.asm
                 RXF5EIDL   0x000f17       data     extern C:\MCC18\src\traditional\proc\p18F4480.asm
             RXF5EIDLbits   0x000f17       data     extern C:\MCC18\src\traditional\proc\p18F4480.asm
                 RXF5SIDH   0x000f14       data     extern C:\MCC18\src\traditional\proc\p18F4480.asm
             RXF5SIDHbits   0x000f14       data     extern C:\MCC18\src\traditional\proc\p18F4480.asm
                 RXF5SIDL   0x000f15       data     extern C:\MCC18\src\traditional\proc\p18F4480.asm
             RXF5SIDLbits   0x000f15       data     extern C:\MCC18\src\traditional\proc\p18F4480.asm
                 RXF6EIDH   0x000d62       data     extern C:\MCC18\src\traditional\proc\p18F4480.asm
             RXF6EIDHbits   0x000d62       data     extern C:\MCC18\src\traditional\proc\p18F4480.asm
                 RXF6EIDL   0x000d63       data     extern C:\MCC18\src\traditional\proc\p18F4480.asm
             RXF6EIDLbits   0x000d63       data     extern C:\MCC18\src\traditional\proc\p18F4480.asm
                 RXF6SIDH   0x000d60       data     extern C:\MCC18\src\traditional\proc\p18F4480.asm
             RXF6SIDHbits   0x000d60       data     extern C:\MCC18\src\traditional\proc\p18F4480.asm
                 RXF6SIDL   0x000d61       data     extern C:\MCC18\src\traditional\proc\p18F4480.asm
             RXF6SIDLbits   0x000d61       data     extern C:\MCC18\src\traditional\proc\p18F4480.asm
                 RXF7EIDH   0x000d66       data     extern C:\MCC18\src\traditional\proc\p18F4480.asm
             RXF7EIDHbits   0x000d66       data     extern C:\MCC18\src\traditional\proc\p18F4480.asm
                 RXF7EIDL   0x000d67       data     extern C:\MCC18\src\traditional\proc\p18F4480.asm
             RXF7EIDLbits   0x000d67       data     extern C:\MCC18\src\traditional\proc\p18F4480.asm
                 RXF7SIDH   0x000d64       data     extern C:\MCC18\src\traditional\proc\p18F4480.asm
             RXF7SIDHbits   0x000d64       data     extern C:\MCC18\src\traditional\proc\p18F4480.asm
                 RXF7SIDL   0x000d65       data     extern C:\MCC18\src\traditional\proc\p18F4480.asm
             RXF7SIDLbits   0x000d65       data     extern C:\MCC18\src\traditional\proc\p18F4480.asm
                 RXF8EIDH   0x000d6a       data     extern C:\MCC18\src\traditional\proc\p18F4480.asm
             RXF8EIDHbits   0x000d6a       data     extern C:\MCC18\src\traditional\proc\p18F4480.asm
                 RXF8EIDL   0x000d6b       data     extern C:\MCC18\src\traditional\proc\p18F4480.asm
             RXF8EIDLbits   0x000d6b       data     extern C:\MCC18\src\traditional\proc\p18F4480.asm
                 RXF8SIDH   0x000d68       data     extern C:\MCC18\src\traditional\proc\p18F4480.asm
             RXF8SIDHbits   0x000d68       data     extern C:\MCC18\src\traditional\proc\p18F4480.asm
                 RXF8SIDL   0x000d69       data     extern C:\MCC18\src\traditional\proc\p18F4480.asm
             RXF8SIDLbits   0x000d69       data     extern C:\MCC18\src\traditional\proc\p18F4480.asm
                 RXF9EIDH   0x000d72       data     extern C:\MCC18\src\traditional\proc\p18F4480.asm
             RXF9EIDHbits   0x000d72       data     extern C:\MCC18\src\traditional\proc\p18F4480.asm
                 RXF9EIDL   0x000d73       data     extern C:\MCC18\src\traditional\proc\p18F4480.asm
             RXF9EIDLbits   0x000d73       data     extern C:\MCC18\src\traditional\proc\p18F4480.asm
                 RXF9SIDH   0x000d70       data     extern C:\MCC18\src\traditional\proc\p18F4480.asm
             RXF9SIDHbits   0x000d70       data     extern C:\MCC18\src\traditional\proc\p18F4480.asm
                 RXF9SIDL   0x000d71       data     extern C:\MCC18\src\traditional\proc\p18F4480.asm
             RXF9SIDLbits   0x000d71       data     extern C:\MCC18\src\traditional\proc\p18F4480.asm
                 RXFBCON0   0x000de0       data     extern C:\MCC18\src\traditional\proc\p18F4480.asm
             RXFBCON0bits   0x000de0       data     extern C:\MCC18\src\traditional\proc\p18F4480.asm
                 RXFBCON1   0x000de1       data     extern C:\MCC18\src\traditional\proc\p18F4480.asm
             RXFBCON1bits   0x000de1       data     extern C:\MCC18\src\traditional\proc\p18F4480.asm
                 RXFBCON2   0x000de2       data     extern C:\MCC18\src\traditional\proc\p18F4480.asm
             RXFBCON2bits   0x000de2       data     extern C:\MCC18\src\traditional\proc\p18F4480.asm
                 RXFBCON3   0x000de3       data     extern C:\MCC18\src\traditional\proc\p18F4480.asm
             RXFBCON3bits   0x000de3       data     extern C:\MCC18\src\traditional\proc\p18F4480.asm
                 RXFBCON4   0x000de4       data     extern C:\MCC18\src\traditional\proc\p18F4480.asm
             RXFBCON4bits   0x000de4       data     extern C:\MCC18\src\traditional\proc\p18F4480.asm
                 RXFBCON5   0x000de5       data     extern C:\MCC18\src\traditional\proc\p18F4480.asm
             RXFBCON5bits   0x000de5       data     extern C:\MCC18\src\traditional\proc\p18F4480.asm
                 RXFBCON6   0x000de6       data     extern C:\MCC18\src\traditional\proc\p18F4480.asm
             RXFBCON6bits   0x000de6       data     extern C:\MCC18\src\traditional\proc\p18F4480.asm
                 RXFBCON7   0x000de7       data     extern C:\MCC18\src\traditional\proc\p18F4480.asm
             RXFBCON7bits   0x000de7       data     extern C:\MCC18\src\traditional\proc\p18F4480.asm
                  RXFCON0   0x000dd4       data     extern C:\MCC18\src\traditional\proc\p18F4480.asm
              RXFCON0bits   0x000dd4       data     extern C:\MCC18\src\traditional\proc\p18F4480.asm
                  RXFCON1   0x000dd5       data     extern C:\MCC18\src\traditional\proc\p18F4480.asm
              RXFCON1bits   0x000dd5       data     extern C:\MCC18\src\traditional\proc\p18F4480.asm
                 RXM0EIDH   0x000f1a       data     extern C:\MCC18\src\traditional\proc\p18F4480.asm
             RXM0EIDHbits   0x000f1a       data     extern C:\MCC18\src\traditional\proc\p18F4480.asm
                 RXM0EIDL   0x000f1b       data     extern C:\MCC18\src\traditional\proc\p18F4480.asm
             RXM0EIDLbits   0x000f1b       data     extern C:\MCC18\src\traditional\proc\p18F4480.asm
                 RXM0SIDH   0x000f18       data     extern C:\MCC18\src\traditional\proc\p18F4480.asm
             RXM0SIDHbits   0x000f18       data     extern C:\MCC18\src\traditional\proc\p18F4480.asm
[...]
              COMSTATbits   0x000f74       data     extern C:\MCC18\src\traditional\proc\p18F4480.asm
                  COMSTAT   0x000f74       data     extern C:\MCC18\src\traditional\proc\p18F4480.asm
                 RXERRCNT   0x000f75       data     extern C:\MCC18\src\traditional\proc\p18F4480.asm
             RXERRCNTbits   0x000f75       data     extern C:\MCC18\src\traditional\proc\p18F4480.asm
             TXERRCNTbits   0x000f76       data     extern C:\MCC18\src\traditional\proc\p18F4480.asm
                 TXERRCNT   0x000f76       data     extern C:\MCC18\src\traditional\proc\p18F4480.asm
              ECANCONbits   0x000f77       data     extern C:\MCC18\src\traditional\proc\p18F4480.asm
                  ECANCON   0x000f77       data     extern C:\MCC18\src\traditional\proc\p18F4480.asm
                PORTAbits   0x000f80       data     extern C:\MCC18\src\traditional\proc\p18F4480.asm
                    PORTA   0x000f80       data     extern C:\MCC18\src\traditional\proc\p18F4480.asm
                PORTBbits   0x000f81       data     extern C:\MCC18\src\traditional\proc\p18F4480.asm
                    PORTB   0x000f81       data     extern C:\MCC18\src\traditional\proc\p18F4480.asm
                PORTCbits   0x000f82       data     extern C:\MCC18\src\traditional\proc\p18F4480.asm
                    PORTC   0x000f82       data     extern C:\MCC18\src\traditional\proc\p18F4480.asm
                PORTDbits   0x000f83       data     extern C:\MCC18\src\traditional\proc\p18F4480.asm
                    PORTD   0x000f83       data     extern C:\MCC18\src\traditional\proc\p18F4480.asm
                PORTEbits   0x000f84       data     extern C:\MCC18\src\traditional\proc\p18F4480.asm
                    PORTE   0x000f84       data     extern C:\MCC18\src\traditional\proc\p18F4480.asm
                 LATAbits   0x000f89       data     extern C:\MCC18\src\traditional\proc\p18F4480.asm
                     LATA   0x000f89       data     extern C:\MCC18\src\traditional\proc\p18F4480.asm
                     LATB   0x000f8a       data     extern C:\MCC18\src\traditional\proc\p18F4480.asm
                 LATBbits   0x000f8a       data     extern C:\MCC18\src\traditional\proc\p18F4480.asm
                     LATC   0x000f8b       data     extern C:\MCC18\src\traditional\proc\p18F4480.asm
                 LATCbits   0x000f8b       data     extern C:\MCC18\src\traditional\proc\p18F4480.asm
                     LATD   0x000f8c       data     extern C:\MCC18\src\traditional\proc\p18F4480.asm
                 LATDbits   0x000f8c       data     extern C:\MCC18\src\traditional\proc\p18F4480.asm
                     LATE   0x000f8d       data     extern C:\MCC18\src\traditional\proc\p18F4480.asm
                 LATEbits   0x000f8d       data     extern C:\MCC18\src\traditional\proc\p18F4480.asm
                TRISAbits   0x000f92       data     extern C:\MCC18\src\traditional\proc\p18F4480.asm
                    TRISA   0x000f92       data     extern C:\MCC18\src\traditional\proc\p18F4480.asm
                 DDRAbits   0x000f92       data     extern C:\MCC18\src\traditional\proc\p18F4480.asm
                     DDRA   0x000f92       data     extern C:\MCC18\src\traditional\proc\p18F4480.asm
                TRISBbits   0x000f93       data     extern C:\MCC18\src\traditional\proc\p18F4480.asm
                    TRISB   0x000f93       data     extern C:\MCC18\src\traditional\proc\p18F4480.asm
                 DDRBbits   0x000f93       data     extern C:\MCC18\src\traditional\proc\p18F4480.asm
                     DDRB   0x000f93       data     extern C:\MCC18\src\traditional\proc\p18F4480.asm
                    TRISC   0x000f94       data     extern C:\MCC18\src\traditional\proc\p18F4480.asm
                TRISCbits   0x000f94       data     extern C:\MCC18\src\traditional\proc\p18F4480.asm
                 DDRCbits   0x000f94       data     extern C:\MCC18\src\traditional\proc\p18F4480.asm
                     DDRC   0x000f94       data     extern C:\MCC18\src\traditional\proc\p18F4480.asm
                 DDRDbits   0x000f95       data     extern C:\MCC18\src\traditional\proc\p18F4480.asm
                     DDRD   0x000f95       data     extern C:\MCC18\src\traditional\proc\p18F4480.asm
                    TRISD   0x000f95       data     extern C:\MCC18\src\traditional\proc\p18F4480.asm
                TRISDbits   0x000f95       data     extern C:\MCC18\src\traditional\proc\p18F4480.asm
                     DDRE   0x000f96       data     extern C:\MCC18\src\traditional\proc\p18F4480.asm
                 DDREbits   0x000f96       data     extern C:\MCC18\src\traditional\proc\p18F4480.asm
                    TRISE   0x000f96       data     extern C:\MCC18\src\traditional\proc\p18F4480.asm
                TRISEbits   0x000f96       data     extern C:\MCC18\src\traditional\proc\p18F4480.asm
              OSCTUNEbits   0x000f9b       data     extern C:\MCC18\src\traditional\proc\p18F4480.asm
                  OSCTUNE   0x000f9b       data     extern C:\MCC18\src\traditional\proc\p18F4480.asm
                 PIE1bits   0x000f9d       data     extern C:\MCC18\src\traditional\proc\p18F4480.asm
                     PIE1   0x000f9d       data     extern C:\MCC18\src\traditional\proc\p18F4480.asm
                     PIR1   0x000f9e       data     extern C:\MCC18\src\traditional\proc\p18F4480.asm
                 PIR1bits   0x000f9e       data     extern C:\MCC18\src\traditional\proc\p18F4480.asm
                 IPR1bits   0x000f9f       data     extern C:\MCC18\src\traditional\proc\p18F4480.asm
                     IPR1   0x000f9f       data     extern C:\MCC18\src\traditional\proc\p18F4480.asm
                 PIE2bits   0x000fa0       data     extern C:\MCC18\src\traditional\proc\p18F4480.asm
                     PIE2   0x000fa0       data     extern C:\MCC18\src\traditional\proc\p18F4480.asm
                 PIR2bits   0x000fa1       data     extern C:\MCC18\src\traditional\proc\p18F4480.asm
                     PIR2   0x000fa1       data     extern C:\MCC18\src\traditional\proc\p18F4480.asm
                 IPR2bits   0x000fa2       data     extern C:\MCC18\src\traditional\proc\p18F4480.asm
                     IPR2   0x000fa2       data     extern C:\MCC18\src\traditional\proc\p18F4480.asm
                 PIE3bits   0x000fa3       data     extern C:\MCC18\src\traditional\proc\p18F4480.asm
                     PIE3   0x000fa3       data     extern C:\MCC18\src\traditional\proc\p18F4480.asm
                 PIR3bits   0x000fa4       data     extern C:\MCC18\src\traditional\proc\p18F4480.asm
                     PIR3   0x000fa4       data     extern C:\MCC18\src\traditional\proc\p18F4480.asm
                 IPR3bits   0x000fa5       data     extern C:\MCC18\src\traditional\proc\p18F4480.asm
                     IPR3   0x000fa5       data     extern C:\MCC18\src\traditional\proc\p18F4480.asm
                   EECON1   0x000fa6       data     extern C:\MCC18\src\traditional\proc\p18F4480.asm
               EECON1bits   0x000fa6       data     extern C:\MCC18\src\traditional\proc\p18F4480.asm
                   EECON2   0x000fa7       data     extern C:\MCC18\src\traditional\proc\p18F4480.asm
                   EEDATA   0x000fa8       data     extern C:\MCC18\src\traditional\proc\p18F4480.asm
                    EEADR   0x000fa9       data     extern C:\MCC18\src\traditional\proc\p18F4480.asm
                    RCSTA   0x000fab       data     extern C:\MCC18\src\traditional\proc\p18F4480.asm
                RCSTAbits   0x000fab       data     extern C:\MCC18\src\traditional\proc\p18F4480.asm
                    TXSTA   0x000fac       data     extern C:\MCC18\src\traditional\proc\p18F4480.asm
                TXSTAbits   0x000fac       data     extern C:\MCC18\src\traditional\proc\p18F4480.asm
                    TXREG   0x000fad       data     extern C:\MCC18\src\traditional\proc\p18F4480.asm
                    RCREG   0x000fae       data     extern C:\MCC18\src\traditional\proc\p18F4480.asm
                    SPBRG   0x000faf       data     extern C:\MCC18\src\traditional\proc\p18F4480.asm
                   SPBRGH   0x000fb0       data     extern C:\MCC18\src\traditional\proc\p18F4480.asm
                    T3CON   0x000fb1       data     extern C:\MCC18\src\traditional\proc\p18F4480.asm
                T3CONbits   0x000fb1       data     extern C:\MCC18\src\traditional\proc\p18F4480.asm
                    TMR3L   0x000fb2       data     extern C:\MCC18\src\traditional\proc\p18F4480.asm
                    TMR3H   0x000fb3       data     extern C:\MCC18\src\traditional\proc\p18F4480.asm
                    CMCON   0x000fb4       data     extern C:\MCC18\src\traditional\proc\p18F4480.asm
                CMCONbits   0x000fb4       data     extern C:\MCC18\src\traditional\proc\p18F4480.asm
               CVRCONbits   0x000fb5       data     extern C:\MCC18\src\traditional\proc\p18F4480.asm
                   CVRCON   0x000fb5       data     extern C:\MCC18\src\traditional\proc\p18F4480.asm
                  ECCP1AS   0x000fb6       data     extern C:\MCC18\src\traditional\proc\p18F4480.asm
              ECCP1ASbits   0x000fb6       data     extern C:\MCC18\src\traditional\proc\p18F4480.asm
                 ECCP1DEL   0x000fb7       data     extern C:\MCC18\src\traditional\proc\p18F4480.asm
             ECCP1DELbits   0x000fb7       data     extern C:\MCC18\src\traditional\proc\p18F4480.asm
                  BAUDCON   0x000fb8       data     extern C:\MCC18\src\traditional\proc\p18F4480.asm
              BAUDCONbits   0x000fb8       data     extern C:\MCC18\src\traditional\proc\p18F4480.asm
             ECCP1CONbits   0x000fba       data     extern C:\MCC18\src\traditional\proc\p18F4480.asm
                 ECCP1CON   0x000fba       data     extern C:\MCC18\src\traditional\proc\p18F4480.asm
                  ECCPR1L   0x000fbb       data     extern C:\MCC18\src\traditional\proc\p18F4480.asm
                   ECCPR1   0x000fbb       data     extern C:\MCC18\src\traditional\proc\p18F4480.asm
                  ECCPR1H   0x000fbc       data     extern C:\MCC18\src\traditional\proc\p18F4480.asm
              CCP1CONbits   0x000fbd       data     extern C:\MCC18\src\traditional\proc\p18F4480.asm
                  CCP1CON   0x000fbd       data     extern C:\MCC18\src\traditional\proc\p18F4480.asm
                   CCPR1L   0x000fbe       data     extern C:\MCC18\src\traditional\proc\p18F4480.asm
                    CCPR1   0x000fbe       data     extern C:\MCC18\src\traditional\proc\p18F4480.asm
                   CCPR1H   0x000fbf       data     extern C:\MCC18\src\traditional\proc\p18F4480.asm
                   ADCON2   0x000fc0       data     extern C:\MCC18\src\traditional\proc\p18F4480.asm
               ADCON2bits   0x000fc0       data     extern C:\MCC18\src\traditional\proc\p18F4480.asm
                   ADCON1   0x000fc1       data     extern C:\MCC18\src\traditional\proc\p18F4480.asm
               ADCON1bits   0x000fc1       data     extern C:\MCC18\src\traditional\proc\p18F4480.asm
                   ADCON0   0x000fc2       data     extern C:\MCC18\src\traditional\proc\p18F4480.asm
               ADCON0bits   0x000fc2       data     extern C:\MCC18\src\traditional\proc\p18F4480.asm
                   ADRESL   0x000fc3       data     extern C:\MCC18\src\traditional\proc\p18F4480.asm
                    ADRES   0x000fc3       data     extern C:\MCC18\src\traditional\proc\p18F4480.asm
                   ADRESH   0x000fc4       data     extern C:\MCC18\src\traditional\proc\p18F4480.asm
              SSPCON2bits   0x000fc5       data     extern C:\MCC18\src\traditional\proc\p18F4480.asm
                  SSPCON2   0x000fc5       data     extern C:\MCC18\src\traditional\proc\p18F4480.asm
                  SSPCON1   0x000fc6       data     extern C:\MCC18\src\traditional\proc\p18F4480.asm
              SSPCON1bits   0x000fc6       data     extern C:\MCC18\src\traditional\proc\p18F4480.asm
              SSPSTATbits   0x000fc7       data     extern C:\MCC18\src\traditional\proc\p18F4480.asm
                  SSPSTAT   0x000fc7       data     extern C:\MCC18\src\traditional\proc\p18F4480.asm
                   SSPADD   0x000fc8       data     extern C:\MCC18\src\traditional\proc\p18F4480.asm
                   SSPBUF   0x000fc9       data     extern C:\MCC18\src\traditional\proc\p18F4480.asm
                T2CONbits   0x000fca       data     extern C:\MCC18\src\traditional\proc\p18F4480.asm
                    T2CON   0x000fca       data     extern C:\MCC18\src\traditional\proc\p18F4480.asm
                      PR2   0x000fcb       data     extern C:\MCC18\src\traditional\proc\p18F4480.asm
                     TMR2   0x000fcc       data     extern C:\MCC18\src\traditional\proc\p18F4480.asm
                    T1CON   0x000fcd       data     extern C:\MCC18\src\traditional\proc\p18F4480.asm
                T1CONbits   0x000fcd       data     extern C:\MCC18\src\traditional\proc\p18F4480.asm
                    TMR1L   0x000fce       data     extern C:\MCC18\src\traditional\proc\p18F4480.asm
                    TMR1H   0x000fcf       data     extern C:\MCC18\src\traditional\proc\p18F4480.asm
                 RCONbits   0x000fd0       data     extern C:\MCC18\src\traditional\proc\p18F4480.asm
                     RCON   0x000fd0       data     extern C:\MCC18\src\traditional\proc\p18F4480.asm
                   WDTCON   0x000fd1       data     extern C:\MCC18\src\traditional\proc\p18F4480.asm
               WDTCONbits   0x000fd1       data     extern C:\MCC18\src\traditional\proc\p18F4480.asm
                  HLVDCON   0x000fd2       data     extern C:\MCC18\src\traditional\proc\p18F4480.asm
              HLVDCONbits   0x000fd2       data     extern C:\MCC18\src\traditional\proc\p18F4480.asm
                   LVDCON   0x000fd2       data     extern C:\MCC18\src\traditional\proc\p18F4480.asm
               LVDCONbits   0x000fd2       data     extern C:\MCC18\src\traditional\proc\p18F4480.asm
                   OSCCON   0x000fd3       data     extern C:\MCC18\src\traditional\proc\p18F4480.asm
               OSCCONbits   0x000fd3       data     extern C:\MCC18\src\traditional\proc\p18F4480.asm
                T0CONbits   0x000fd5       data     extern C:\MCC18\src\traditional\proc\p18F4480.asm
                    T0CON   0x000fd5       data     extern C:\MCC18\src\traditional\proc\p18F4480.asm
                    TMR0L   0x000fd6       data     extern C:\MCC18\src\traditional\proc\p18F4480.asm
                    TMR0H   0x000fd7       data     extern C:\MCC18\src\traditional\proc\p18F4480.asm
                   STATUS   0x000fd8       data     extern C:\MCC18\src\traditional\proc\p18F4480.asm
               STATUSbits   0x000fd8       data     extern C:\MCC18\src\traditional\proc\p18F4480.asm
                    FSR2L   0x000fd9       data     extern C:\MCC18\src\traditional\proc\p18F4480.asm
                     FSR2   0x000fd9       data     extern C:\MCC18\src\traditional\proc\p18F4480.asm
                    FSR2H   0x000fda       data     extern C:\MCC18\src\traditional\proc\p18F4480.asm
                   PLUSW2   0x000fdb       data     extern C:\MCC18\src\traditional\proc\p18F4480.asm
                  PREINC2   0x000fdc       data     extern C:\MCC18\src\traditional\proc\p18F4480.asm
                 POSTDEC2   0x000fdd       data     extern C:\MCC18\src\traditional\proc\p18F4480.asm
                 POSTINC2   0x000fde       data     extern C:\MCC18\src\traditional\proc\p18F4480.asm
                    INDF2   0x000fdf       data     extern C:\MCC18\src\traditional\proc\p18F4480.asm
                      BSR   0x000fe0       data     extern C:\MCC18\src\traditional\proc\p18F4480.asm
                    FSR1L   0x000fe1       data     extern C:\MCC18\src\traditional\proc\p18F4480.asm
                     FSR1   0x000fe1       data     extern C:\MCC18\src\traditional\proc\p18F4480.asm
                    FSR1H   0x000fe2       data     extern C:\MCC18\src\traditional\proc\p18F4480.asm
                   PLUSW1   0x000fe3       data     extern C:\MCC18\src\traditional\proc\p18F4480.asm
                  PREINC1   0x000fe4       data     extern C:\MCC18\src\traditional\proc\p18F4480.asm
                 POSTDEC1   0x000fe5       data     extern C:\MCC18\src\traditional\proc\p18F4480.asm
                 POSTINC1   0x000fe6       data     extern C:\MCC18\src\traditional\proc\p18F4480.asm
                    INDF1   0x000fe7       data     extern C:\MCC18\src\traditional\proc\p18F4480.asm
                     WREG   0x000fe8       data     extern C:\MCC18\src\traditional\proc\p18F4480.asm
                     FSR0   0x000fe9       data     extern C:\MCC18\src\traditional\proc\p18F4480.asm
                    FSR0L   0x000fe9       data     extern C:\MCC18\src\traditional\proc\p18F4480.asm
                    FSR0H   0x000fea       data     extern C:\MCC18\src\traditional\proc\p18F4480.asm
                   PLUSW0   0x000feb       data     extern C:\MCC18\src\traditional\proc\p18F4480.asm
                  PREINC0   0x000fec       data     extern C:\MCC18\src\traditional\proc\p18F4480.asm
                 POSTDEC0   0x000fed       data     extern C:\MCC18\src\traditional\proc\p18F4480.asm
                 POSTINC0   0x000fee       data     extern C:\MCC18\src\traditional\proc\p18F4480.asm
                    INDF0   0x000fef       data     extern C:\MCC18\src\traditional\proc\p18F4480.asm
              INTCON3bits   0x000ff0       data     extern C:\MCC18\src\traditional\proc\p18F4480.asm
                  INTCON3   0x000ff0       data     extern C:\MCC18\src\traditional\proc\p18F4480.asm
                  INTCON2   0x000ff1       data     extern C:\MCC18\src\traditional\proc\p18F4480.asm
              INTCON2bits   0x000ff1       data     extern C:\MCC18\src\traditional\proc\p18F4480.asm
                   INTCON   0x000ff2       data     extern C:\MCC18\src\traditional\proc\p18F4480.asm
               INTCONbits   0x000ff2       data     extern C:\MCC18\src\traditional\proc\p18F4480.asm
                     PROD   0x000ff3       data     extern C:\MCC18\src\traditional\proc\p18F4480.asm
                    PRODL   0x000ff3       data     extern C:\MCC18\src\traditional\proc\p18F4480.asm
                    PRODH   0x000ff4       data     extern C:\MCC18\src\traditional\proc\p18F4480.asm
                   TABLAT   0x000ff5       data     extern C:\MCC18\src\traditional\proc\p18F4480.asm
                   TBLPTR   0x000ff6       data     extern C:\MCC18\src\traditional\proc\p18F4480.asm
                  TBLPTRL   0x000ff6       data     extern C:\MCC18\src\traditional\proc\p18F4480.asm
                  TBLPTRH   0x000ff7       data     extern C:\MCC18\src\traditional\proc\p18F4480.asm
                  TBLPTRU   0x000ff8       data     extern C:\MCC18\src\traditional\proc\p18F4480.asm
                       PC   0x000ff9       data     extern C:\MCC18\src\traditional\proc\p18F4480.asm
                      PCL   0x000ff9       data     extern C:\MCC18\src\traditional\proc\p18F4480.asm
                   PCLATH   0x000ffa       data     extern C:\MCC18\src\traditional\proc\p18F4480.asm
                   PCLATU   0x000ffb       data     extern C:\MCC18\src\traditional\proc\p18F4480.asm
                   STKPTR   0x000ffc       data     extern C:\MCC18\src\traditional\proc\p18F4480.asm
               STKPTRbits   0x000ffc       data     extern C:\MCC18\src\traditional\proc\p18F4480.asm
                      TOS   0x000ffd       data     extern C:\MCC18\src\traditional\proc\p18F4480.asm
                     TOSL   0x000ffd       data     extern C:\MCC18\src\traditional\proc\p18F4480.asm
                     TOSH   0x000ffe       data     extern C:\MCC18\src\traditional\proc\p18F4480.asm
                     TOSU   0x000fff       data     extern C:\MCC18\src\traditional\proc\p18F4480.asm


